49798      0.000165 +++ exited with 0 +++
49797      0.000003 +++ exited with 0 +++
49796      0.000001 +++ exited with 0 +++
49795      0.000354 <... read resumed>"", 4096) = 0
49794      0.000021 +++ exited with 0 +++
49795      0.000015 write(1<pipe:[295183]>, "Robert77_5G\\n", 12) = 12
49777      0.000033 <... read resumed>"Robert77_5G\\n", 128) = 12
49777      0.000020 read(4<pipe:[295183]>,  <unfinished ...>
49795      0.000138 +++ exited with 0 +++
49793      0.000070 --- SIGCHLD {si_signo=SIGCHLD, si_code=CLD_EXITED, si_pid=49794, si_uid=1000, si_status=0, si_utime=0, si_stime=0} ---
49777      0.000162 <... read resumed>"", 128) = 0
49793      0.000006 +++ exited with 0 +++
49777      0.000003 --- SIGCHLD {si_signo=SIGCHLD, si_code=CLD_EXITED, si_pid=49793, si_uid=1000, si_status=0, si_utime=0, si_stime=0} ---
49777      0.000262 clone(child_stack=NULL, flags=CLONE_CHILD_CLEARTID|CLONE_CHILD_SETTID|SIGCHLD, child_tidptr=0x7f61a3e16a10) = 49801
49777      0.000107 read(4<pipe:[297228]>,  <unfinished ...>
49801      0.000544 clone(child_stack=NULL, flags=CLONE_CHILD_CLEARTID|CLONE_CHILD_SETTID|SIGCHLD, child_tidptr=0x7f61a3e16a10) = 49802
49801      0.000107 read(4<pipe:[295187]>,  <unfinished ...>
49802      0.000202 clone(child_stack=NULL, flags=CLONE_CHILD_CLEARTID|CLONE_CHILD_SETTID|SIGCHLD, child_tidptr=0x7f61a3e16a10) = 49803
49802      0.000177 clone(child_stack=NULL, flags=CLONE_CHILD_CLEARTID|CLONE_CHILD_SETTID|SIGCHLD, child_tidptr=0x7f61a3e16a10) = 49804
49803      0.000441 execve("/usr/sbin/iwconfig", ["iwconfig", "wlp0s20f3"], 0x561563a04eb0 /* 93 vars */ <unfinished ...>
49804      0.000066 execve("/usr/bin/sed", ["sed", "-n", "s/.*Link Quality=\\\\([0-9]*\\\\)\\\\/\\\\(["...], 0x561563a04eb0 /* 93 vars */ <unfinished ...>
49803      0.000072 <... execve resumed>) = 0
49804      0.000049 <... execve resumed>) = 0
49803      0.000086 read(4</usr/lib64/libiw.so.29>, "\\177ELF\\2\\1\\1\\0\\0\\0\\0\\0\\0\\0\\0\\0\\3\\0>\\0\\1\\0\\0\\0p'\\0\\0\\0\\0\\0\\0"..., 832) = 832
49804      0.000035 read(4</usr/lib64/libacl.so.1.1.2253>, "\\177ELF\\2\\1\\1\\0\\0\\0\\0\\0\\0\\0\\0\\0\\3\\0>\\0\\1\\0\\0\\0\\20'\\0\\0\\0\\0\\0\\0"..., 832) = 832
49804      0.000104 read(4</usr/lib64/libselinux.so.1>, "\\177ELF\\2\\1\\1\\0\\0\\0\\0\\0\\0\\0\\0\\0\\3\\0>\\0\\1\\0\\0\\0\\320\\207\\0\\0\\0\\0\\0\\0"..., 832) = 832
49803      0.000017 read(4</usr/lib64/libc-2.31.so>, "\\177ELF\\2\\1\\1\\3\\0\\0\\0\\0\\0\\0\\0\\0\\3\\0>\\0\\1\\0\\0\\0\\200q\\2\\0\\0\\0\\0\\0"..., 832) = 832
49804      0.000084 read(4</usr/lib64/libc-2.31.so>, "\\177ELF\\2\\1\\1\\3\\0\\0\\0\\0\\0\\0\\0\\0\\3\\0>\\0\\1\\0\\0\\0\\200q\\2\\0\\0\\0\\0\\0"..., 832) = 832
49803      0.000103 read(4</usr/lib64/libm-2.31.so>, "\\177ELF\\2\\1\\1\\3\\0\\0\\0\\0\\0\\0\\0\\0\\3\\0>\\0\\1\\0\\0\\0\\320\\363\\0\\0\\0\\0\\0\\0"..., 832) = 832
49804      0.000049 read(4</usr/lib64/libattr.so.1.1.2448>, "\\177ELF\\2\\1\\1\\0\\0\\0\\0\\0\\0\\0\\0\\0\\3\\0>\\0\\1\\0\\0\\0000%\\0\\0\\0\\0\\0\\0"..., 832) = 832
49804      0.000100 read(4</usr/lib64/libpcre2-8.so.0.10.0>, "\\177ELF\\2\\1\\1\\0\\0\\0\\0\\0\\0\\0\\0\\0\\3\\0>\\0\\1\\0\\0\\0\\2604\\0\\0\\0\\0\\0\\0"..., 832) = 832
49804      0.000098 read(4</usr/lib64/libdl-2.31.so>, "\\177ELF\\2\\1\\1\\0\\0\\0\\0\\0\\0\\0\\0\\0\\3\\0>\\0\\1\\0\\0\\0p\\"\\0\\0\\0\\0\\0\\0"..., 832) = 832
49804      0.000146 read(4</usr/lib64/libpthread-2.31.so>, "\\177ELF\\2\\1\\1\\0\\0\\0\\0\\0\\0\\0\\0\\0\\3\\0>\\0\\1\\0\\0\\0\\240\\201\\0\\0\\0\\0\\0\\0"..., 832) = 832
49804      0.001050 read(0<pipe:[291736]>,  <unfinished ...>
49803      0.001549 write(1<pipe:[291736]>, "wlp0s20f3  IEEE 802.11  ESSID:\\"R"..., 457) = 457
49804      0.000026 <... read resumed>"wlp0s20f3  IEEE 802.11  ESSID:\\"R"..., 4096) = 457
49803      0.000091 +++ exited with 0 +++
49804      0.000047 read(0<pipe:[291736]>, "", 4096) = 0
49804      0.000021 write(1<pipe:[295187]>, "52*100/70\\n", 10) = 10
49801      0.000020 <... read resumed>"52*100/70\\n", 128) = 10
49801      0.000013 read(4<pipe:[295187]>,  <unfinished ...>
49804      0.000116 +++ exited with 0 +++
49802      0.000065 --- SIGCHLD {si_signo=SIGCHLD, si_code=CLD_EXITED, si_pid=49803, si_uid=1000, si_status=0, si_utime=0, si_stime=0} ---
49802      0.000132 +++ exited with 0 +++
49801      0.000005 <... read resumed>"", 128) = 0
49801      0.000011 --- SIGCHLD {si_signo=SIGCHLD, si_code=CLD_EXITED, si_pid=49802, si_uid=1000, si_status=0, si_utime=0, si_stime=0} ---
49801      0.000145 write(1<pipe:[297228]>, "wifi: ", 6) = 6
49777      0.000024 <... read resumed>"wifi: ", 128) = 6
49777      0.000014 read(4<pipe:[297228]>,  <unfinished ...>
49801      0.000070 write(1<pipe:[297228]>, "\\33[0;32m74%\\33[0m", 14) = 14
49777      0.000021 <... read resumed>"\\33[0;32m74%\\33[0m", 128) = 14
49777      0.000009 read(4<pipe:[297228]>, "", 128) = 0
49801      0.000087 +++ exited with 0 +++
49777      0.000006 --- SIGCHLD {si_signo=SIGCHLD, si_code=CLD_EXITED, si_pid=49801, si_uid=1000, si_status=0, si_utime=0, si_stime=0} ---
49777      0.000317 clone(child_stack=NULL, flags=CLONE_CHILD_CLEARTID|CLONE_CHILD_SETTID|SIGCHLD, child_tidptr=0x7f61a3e16a10) = 49805
49777      0.000111 read(4<pipe:[296284]>,  <unfinished ...>
49805      0.000244 write(1<pipe:[296284]>, "fans:", 5) = 5
49777      0.000024 <... read resumed>"fans:", 128) = 5
49777      0.000012 read(4<pipe:[296284]>,  <unfinished ...>
49805      0.000559 write(1<pipe:[296284]>, " ", 1 <unfinished ...>
49777      0.000012 <... read resumed>" ", 128) = 1
49805      0.000004 <... write resumed>) = 1
49777      0.000003 read(4<pipe:[296284]>,  <unfinished ...>
49805      0.000121 read(0</sys/devices/platform/thinkpad_hwmon/hwmon/hwmon4/fan1_input>, "2868\\n", 128) = 5
49805      0.000633 write(1<pipe:[296284]>, "\\33[0;33m2868\\33[0m", 15 <unfinished ...>
49777      0.000014 <... read resumed>"\\33[0;33m2868\\33[0m", 128) = 15
49805      0.000004 <... write resumed>) = 15
49777      0.000003 read(4<pipe:[296284]>,  <unfinished ...>
49805      0.000009 write(1<pipe:[296284]>, "\\n", 1 <unfinished ...>
49777      0.000012 <... read resumed>"\\n", 128) = 1
49805      0.000004 <... write resumed>) = 1
49777      0.000003 read(4<pipe:[296284]>, "", 128) = 0
49805      0.000094 +++ exited with 0 +++
49777      0.000002 --- SIGCHLD {si_signo=SIGCHLD, si_code=CLD_EXITED, si_pid=49805, si_uid=1000, si_status=0, si_utime=0, si_stime=0} ---
49777      0.000220 clone(child_stack=NULL, flags=CLONE_CHILD_CLEARTID|CLONE_CHILD_SETTID|SIGCHLD, child_tidptr=0x7f61a3e16a10) = 49806
49777      0.000085 read(4<pipe:[296285]>,  <unfinished ...>
49806      0.000295 read(0</sys/devices/pci0000:00/0000:00:02.0/drm/card0/card0-eDP-1/intel_backlight/brightness>, "14546\\n", 128) = 6
49806      0.000147 read(0</sys/devices/pci0000:00/0000:00:02.0/drm/card0/card0-eDP-1/intel_backlight/max_brightness>, "24242\\n", 128) = 6
49806      0.000065 write(1<pipe:[296285]>, "backlight: ", 11 <unfinished ...>
49777      0.000014 <... read resumed>"backlight: ", 128) = 11
49806      0.000004 <... write resumed>) = 11
49777      0.000003 read(4<pipe:[296285]>,  <unfinished ...>
49806      0.000018 write(1<pipe:[296285]>, "60%\\n", 4 <unfinished ...>
49777      0.000011 <... read resumed>"60%\\n", 128) = 4
49806      0.000004 <... write resumed>) = 4
49777      0.000003 read(4<pipe:[296285]>, "", 128) = 0
49806      0.000086 +++ exited with 0 +++
49777      0.000002 --- SIGCHLD {si_signo=SIGCHLD, si_code=CLD_EXITED, si_pid=49806, si_uid=1000, si_status=0, si_utime=0, si_stime=0} ---
49777      0.000213 clone(child_stack=NULL, flags=CLONE_CHILD_CLEARTID|CLONE_CHILD_SETTID|SIGCHLD, child_tidptr=0x7f61a3e16a10) = 49807
49777      0.000094 read(4<pipe:[296286]>,  <unfinished ...>
49807      0.000217 clone(child_stack=NULL, flags=CLONE_CHILD_CLEARTID|CLONE_CHILD_SETTID|SIGCHLD, child_tidptr=0x7f61a3e16a10) = 49808
49807      0.000131 clone(child_stack=NULL, flags=CLONE_CHILD_CLEARTID|CLONE_CHILD_SETTID|SIGCHLD, child_tidptr=0x7f61a3e16a10) = 49809
49807      0.000150 clone(child_stack=NULL, flags=CLONE_CHILD_CLEARTID|CLONE_CHILD_SETTID|SIGCHLD, child_tidptr=0x7f61a3e16a10) = 49810
49810      0.000293 read(0<pipe:[293847]>,  <unfinished ...>
49808      0.000068 execve("/usr/bin/amixer", ["amixer", "get", "Master"], 0x5615639e02e0 /* 93 vars */ <unfinished ...>
49809      0.000118 execve("/usr/bin/sed", ["sed", "-n", "\\n      /\\\\[/{\\n        # delete ev"...], 0x5615639e02e0 /* 93 vars */ <unfinished ...>
49808      0.000042 <... execve resumed>) = 0
49809      0.000108 <... execve resumed>) = 0
49808      0.000027 read(4</usr/lib64/libm-2.31.so>, "\\177ELF\\2\\1\\1\\3\\0\\0\\0\\0\\0\\0\\0\\0\\3\\0>\\0\\1\\0\\0\\0\\320\\363\\0\\0\\0\\0\\0\\0"..., 832) = 832
49809      0.000101 read(4</usr/lib64/libacl.so.1.1.2253>, "\\177ELF\\2\\1\\1\\0\\0\\0\\0\\0\\0\\0\\0\\0\\3\\0>\\0\\1\\0\\0\\0\\20'\\0\\0\\0\\0\\0\\0"..., 832) = 832
49808      0.000040 read(4</usr/lib64/libasound.so.2.0.0>, "\\177ELF\\2\\1\\1\\0\\0\\0\\0\\0\\0\\0\\0\\0\\3\\0>\\0\\1\\0\\0\\0p*\\3\\0\\0\\0\\0\\0"..., 832) = 832
49809      0.000065 read(4</usr/lib64/libselinux.so.1>, "\\177ELF\\2\\1\\1\\0\\0\\0\\0\\0\\0\\0\\0\\0\\3\\0>\\0\\1\\0\\0\\0\\320\\207\\0\\0\\0\\0\\0\\0"..., 832) = 832
49808      0.000062 read(4</usr/lib64/libc-2.31.so>, "\\177ELF\\2\\1\\1\\3\\0\\0\\0\\0\\0\\0\\0\\0\\3\\0>\\0\\1\\0\\0\\0\\200q\\2\\0\\0\\0\\0\\0"..., 832) = 832
49809      0.000039 read(4</usr/lib64/libc-2.31.so>, "\\177ELF\\2\\1\\1\\3\\0\\0\\0\\0\\0\\0\\0\\0\\3\\0>\\0\\1\\0\\0\\0\\200q\\2\\0\\0\\0\\0\\0"..., 832) = 832
49808      0.000136 read(4</usr/lib64/libdl-2.31.so>, "\\177ELF\\2\\1\\1\\0\\0\\0\\0\\0\\0\\0\\0\\0\\3\\0>\\0\\1\\0\\0\\0p\\"\\0\\0\\0\\0\\0\\0"..., 832) = 832
49809      0.000012 read(4</usr/lib64/libattr.so.1.1.2448>, "\\177ELF\\2\\1\\1\\0\\0\\0\\0\\0\\0\\0\\0\\0\\3\\0>\\0\\1\\0\\0\\0000%\\0\\0\\0\\0\\0\\0"..., 832) = 832
49809      0.000100 read(4</usr/lib64/libpcre2-8.so.0.10.0>,  <unfinished ...>
49808      0.000005 read(4</usr/lib64/libpthread-2.31.so>,  <unfinished ...>
49809      0.000005 <... read resumed>"\\177ELF\\2\\1\\1\\0\\0\\0\\0\\0\\0\\0\\0\\0\\3\\0>\\0\\1\\0\\0\\0\\2604\\0\\0\\0\\0\\0\\0"..., 832) = 832
49808      0.000005 <... read resumed>"\\177ELF\\2\\1\\1\\0\\0\\0\\0\\0\\0\\0\\0\\0\\3\\0>\\0\\1\\0\\0\\0\\240\\201\\0\\0\\0\\0\\0\\0"..., 832) = 832
49809      0.000079 read(4</usr/lib64/libdl-2.31.so>, "\\177ELF\\2\\1\\1\\0\\0\\0\\0\\0\\0\\0\\0\\0\\3\\0>\\0\\1\\0\\0\\0p\\"\\0\\0\\0\\0\\0\\0"..., 832) = 832
49808      0.000039 read(4</usr/lib64/librt-2.31.so>, "\\177ELF\\2\\1\\1\\0\\0\\0\\0\\0\\0\\0\\0\\0\\3\\0>\\0\\1\\0\\0\\0\\0207\\0\\0\\0\\0\\0\\0"..., 832) = 832
49809      0.000064 read(4</usr/lib64/libpthread-2.31.so>, "\\177ELF\\2\\1\\1\\0\\0\\0\\0\\0\\0\\0\\0\\0\\3\\0>\\0\\1\\0\\0\\0\\240\\201\\0\\0\\0\\0\\0\\0"..., 832) = 832
49808      0.000609 read(4</usr/share/alsa/alsa.conf>, "#\\n#  ALSA library configuration "..., 4096) = 4096
49809      0.000125 read(0<pipe:[293846]>,  <unfinished ...>
49808      0.000008 read(4</usr/share/alsa/alsa.conf>, "efaults.pcm.device\\n\\t\\t\\t}\\n\\t\\t}\\n\\t}\\n\\t"..., 4096) = 4096
49808      0.000109 read(4</usr/share/alsa/alsa.conf>, "p.device\\n\\t\\t}\\n\\t}\\n\\thint.descriptio"..., 4096) = 1657
49808      0.000053 read(4</usr/share/alsa/alsa.conf>, "", 4096) = 0
49808      0.000210 read(4</usr/share/alsa/alsa.conf.d/50-pulseaudio.conf>, "# Add a specific named PulseAudi"..., 4096) = 402
49808      0.000030 read(4</usr/share/alsa/alsa.conf.d/50-pulseaudio.conf>, "", 4096) = 0
49808      0.000048 read(4</etc/alsa/conf.d/99-pulseaudio-default.conf>, "# Default to PulseAudio\\n\\npcm.!de"..., 4096) = 201
49808      0.000020 read(4</etc/alsa/conf.d/99-pulseaudio-default.conf>, "", 4096) = 0
49808      0.000065 read(4</etc/asound.conf>, "#\\n# Place your global alsa-lib c"..., 4096) = 55
49808      0.000016 read(4</etc/asound.conf>, "", 4096) = 0
49808      0.000088 read(4</usr/lib64/alsa-lib/libasound_module_ctl_pulse.so>, "\\177ELF\\2\\1\\1\\0\\0\\0\\0\\0\\0\\0\\0\\0\\3\\0>\\0\\1\\0\\0\\0\\20(\\0\\0\\0\\0\\0\\0"..., 832) = 832
49808      0.000152 read(4</usr/lib64/libpulse.so.0.21.2>, "\\177ELF\\2\\1\\1\\0\\0\\0\\0\\0\\0\\0\\0\\0\\3\\0>\\0\\1\\0\\0\\0000\\357\\0\\0\\0\\0\\0\\0"..., 832) = 832
49808      0.000226 read(4</usr/lib64/pulseaudio/libpulsecommon-13.99.so>, "\\177ELF\\2\\1\\1\\0\\0\\0\\0\\0\\0\\0\\0\\0\\3\\0>\\0\\1\\0\\0\\0\\320\\235\\1\\0\\0\\0\\0\\0"..., 832) = 832
49808      0.000118 read(4</usr/lib64/libX11-xcb.so.1.0.0>, "\\177ELF\\2\\1\\1\\0\\0\\0\\0\\0\\0\\0\\0\\0\\3\\0>\\0\\1\\0\\0\\0P\\20\\0\\0\\0\\0\\0\\0"..., 832) = 832
49808      0.000118 read(4</usr/lib64/libX11.so.6.3.0>, "\\177ELF\\2\\1\\1\\0\\0\\0\\0\\0\\0\\0\\0\\0\\3\\0>\\0\\1\\0\\0\\0p\\23\\2\\0\\0\\0\\0\\0"..., 832) = 832
49808      0.000115 read(4</usr/lib64/libxcb.so.1.1.0>, "\\177ELF\\2\\1\\1\\0\\0\\0\\0\\0\\0\\0\\0\\0\\3\\0>\\0\\1\\0\\0\\0\\220\\315\\0\\0\\0\\0\\0\\0"..., 832) = 832
49808      0.000108 read(4</usr/lib64/libICE.so.6.3.0>, "\\177ELF\\2\\1\\1\\0\\0\\0\\0\\0\\0\\0\\0\\0\\3\\0>\\0\\1\\0\\0\\0Pa\\0\\0\\0\\0\\0\\0"..., 832) = 832
49808      0.000116 read(4</usr/lib64/libSM.so.6.0.1>, "\\177ELF\\2\\1\\1\\0\\0\\0\\0\\0\\0\\0\\0\\0\\3\\0>\\0\\1\\0\\0\\0\\260$\\0\\0\\0\\0\\0\\0"..., 832) = 832
49808      0.000107 read(4</usr/lib64/libXtst.so.6.1.0>, "\\177ELF\\2\\1\\1\\0\\0\\0\\0\\0\\0\\0\\0\\0\\3\\0>\\0\\1\\0\\0\\0\\260#\\0\\0\\0\\0\\0\\0"..., 832) = 832
49808      0.000114 read(4</usr/lib64/libsystemd.so.0.28.0>, "\\177ELF\\2\\1\\1\\0\\0\\0\\0\\0\\0\\0\\0\\0\\3\\0>\\0\\1\\0\\0\\0\\320B\\1\\0\\0\\0\\0\\0"..., 832) = 832
49808      0.000123 read(4</usr/lib64/libsndfile.so.1.0.28>, "\\177ELF\\2\\1\\1\\0\\0\\0\\0\\0\\0\\0\\0\\0\\3\\0>\\0\\1\\0\\0\\0\\20\\201\\0\\0\\0\\0\\0\\0"..., 832) = 832
49808      0.000115 read(4</usr/lib64/libasyncns.so.0.3.1>, "\\177ELF\\2\\1\\1\\0\\0\\0\\0\\0\\0\\0\\0\\0\\3\\0>\\0\\1\\0\\0\\0p$\\0\\0\\0\\0\\0\\0"..., 832) = 832
49808      0.000110 read(4</usr/lib64/libdbus-1.so.3.19.13>, "\\177ELF\\2\\1\\1\\0\\0\\0\\0\\0\\0\\0\\0\\0\\3\\0>\\0\\1\\0\\0\\0\\360\\n\\1\\0\\0\\0\\0\\0"..., 832) = 832
49808      0.000135 read(4</usr/lib64/libcap.so.2.26>, "\\177ELF\\2\\1\\1\\0\\0\\0\\0\\0\\0\\0\\0\\0\\3\\0>\\0\\1\\0\\0\\0\\360#\\0\\0\\0\\0\\0\\0"..., 832) = 832
49808      0.000120 read(4</usr/lib64/libXau.so.6.0.0>, "\\177ELF\\2\\1\\1\\0\\0\\0\\0\\0\\0\\0\\0\\0\\3\\0>\\0\\1\\0\\0\\0\\320\\23\\0\\0\\0\\0\\0\\0"..., 832) = 832
49808      0.000116 read(4</usr/lib64/libuuid.so.1.3.0>, "\\177ELF\\2\\1\\1\\0\\0\\0\\0\\0\\0\\0\\0\\0\\3\\0>\\0\\1\\0\\0\\0\\20&\\0\\0\\0\\0\\0\\0"..., 832) = 832
49808      0.000114 read(4</usr/lib64/libXext.so.6.4.0>, "\\177ELF\\2\\1\\1\\0\\0\\0\\0\\0\\0\\0\\0\\0\\3\\0>\\0\\1\\0\\0\\0pG\\0\\0\\0\\0\\0\\0"..., 832) = 832
49808      0.000104 read(4</usr/lib64/libXi.so.6.1.0>, "\\177ELF\\2\\1\\1\\0\\0\\0\\0\\0\\0\\0\\0\\0\\3\\0>\\0\\1\\0\\0\\0\\260$\\0\\0\\0\\0\\0\\0"..., 832) = 832
49808      0.000103 read(4</usr/lib64/liblzma.so.5.2.5>, "\\177ELF\\2\\1\\1\\0\\0\\0\\0\\0\\0\\0\\0\\0\\3\\0>\\0\\1\\0\\0\\0\\3609\\0\\0\\0\\0\\0\\0"..., 832) = 832
49808      0.000128 read(4</usr/lib64/liblz4.so.1.9.1>, "\\177ELF\\2\\1\\1\\0\\0\\0\\0\\0\\0\\0\\0\\0\\3\\0>\\0\\1\\0\\0\\0000%\\0\\0\\0\\0\\0\\0"..., 832) = 832
49808      0.000114 read(4</usr/lib64/libgcrypt.so.20.2.5>, "\\177ELF\\2\\1\\1\\0\\0\\0\\0\\0\\0\\0\\0\\0\\3\\0>\\0\\1\\0\\0\\0\\300\\305\\0\\0\\0\\0\\0\\0"..., 832) = 832
49808      0.000115 read(4</usr/lib64/libgcc_s-10-20200723.so.1>, "\\177ELF\\2\\1\\1\\0\\0\\0\\0\\0\\0\\0\\0\\0\\3\\0>\\0\\1\\0\\0\\0\\3605\\0\\0\\0\\0\\0\\0"..., 832) = 832
49808      0.000114 read(4</usr/lib64/libgsm.so.1.0.18>, "\\177ELF\\2\\1\\1\\0\\0\\0\\0\\0\\0\\0\\0\\0\\3\\0>\\0\\1\\0\\0\\0p#\\0\\0\\0\\0\\0\\0"..., 832) = 832
49808      0.000114 read(4</usr/lib64/libFLAC.so.8.3.0>, "\\177ELF\\2\\1\\1\\0\\0\\0\\0\\0\\0\\0\\0\\0\\3\\0>\\0\\1\\0\\0\\0\\260\\241\\0\\0\\0\\0\\0\\0"..., 832) = 832
49808      0.000107 read(4</usr/lib64/libogg.so.0.8.4>, "\\177ELF\\2\\1\\1\\0\\0\\0\\0\\0\\0\\0\\0\\0\\3\\0>\\0\\1\\0\\0\\0\\220$\\0\\0\\0\\0\\0\\0"..., 832) = 832
49808      0.000129 read(4</usr/lib64/libvorbis.so.0.4.8>, "\\177ELF\\2\\1\\1\\0\\0\\0\\0\\0\\0\\0\\0\\0\\3\\0>\\0\\1\\0\\0\\0\\320K\\0\\0\\0\\0\\0\\0"..., 832) = 832
49808      0.000118 read(4</usr/lib64/libvorbisenc.so.2.0.11>, "\\177ELF\\2\\1\\1\\0\\0\\0\\0\\0\\0\\0\\0\\0\\3\\0>\\0\\1\\0\\0\\0000A\\1\\0\\0\\0\\0\\0"..., 832) = 832
49808      0.000108 read(4</usr/lib64/libresolv-2.31.so>, "\\177ELF\\2\\1\\1\\0\\0\\0\\0\\0\\0\\0\\0\\0\\3\\0>\\0\\1\\0\\0\\0000G\\0\\0\\0\\0\\0\\0"..., 832) = 832
49808      0.000135 read(4</usr/lib64/libgpg-error.so.0.27.0>, "\\177ELF\\2\\1\\1\\0\\0\\0\\0\\0\\0\\0\\0\\0\\3\\0>\\0\\1\\0\\0\\0\\320L\\0\\0\\0\\0\\0\\0"..., 832) = 832
49808      0.002060 read(8</etc/pulse/client.conf>, "# This file is part of PulseAudi"..., 4096) = 1201
49808      0.000028 read(8</etc/pulse/client.conf>, "", 4096) = 0
49808      0.000131 read(8</dev/urandom>, "\\355\\266 @", 4) = 4
49808      0.000132 clone(child_stack=0x7efe7b4b3fb0, flags=CLONE_VM|CLONE_FS|CLONE_FILES|CLONE_SIGHAND|CLONE_THREAD|CLONE_SYSVSEM|CLONE_SETTLS|CLONE_PARENT_SETTID|CLONE_CHILD_CLEARTID, parent_tid=[49811], tls=0x7efe7b4b4700, child_tidptr=0x7efe7b4b49d0) = 49811
49808      0.000294 write(7<pipe:[291741]>, "W", 1) = 1
49808      0.000033 write(7<pipe:[291741]>, "W", 1) = 1
49811      0.000032 read(6<pipe:[291741]>, "WW", 10) = 2
49811      0.000089 write(7<pipe:[291741]>, "W", 1) = 1
49811      0.000020 write(7<pipe:[291741]>, "W", 1) = 1
49811      0.000085 read(10</home/quentin/.config/pulse/cookie>, "a\\372\\302\\315\\237_\\274h\\246L0\\3122:\\262\\247\\260\\t\\225\\344_|\\364\\346\\333g\\v\\273\\342\\4v\\327"..., 256) = 256
49811      0.000106 write(7<pipe:[291741]>, "W", 1) = 1
49811      0.000023 write(7<pipe:[291741]>, "W", 1) = 1
49811      0.000017 read(6<pipe:[291741]>, "WWWW", 10) = 4
49811      0.000018 read(6<pipe:[291741]>, 0x7efe7b4b3c9e, 10) = -1 EAGAIN (Resource temporarily unavailable)
49811      0.000090 write(7<pipe:[291741]>, "W", 1) = 1
49811      0.000042 write(7<pipe:[291741]>, "W", 1) = 1
49811      0.000017 read(6<pipe:[291741]>, "WW", 10) = 2
49811      0.000027 write(7<pipe:[291741]>, "W", 1) = 1
49811      0.000028 read(6<pipe:[291741]>, "W", 10) = 1
49811      0.000119 write(7<pipe:[291741]>, "W", 1) = 1
49811      0.000060 write(7<pipe:[291741]>, "W", 1) = 1
49811      0.000022 read(6<pipe:[291741]>, "WW", 10) = 2
49811      0.000030 write(7<pipe:[291741]>, "W", 1) = 1
49811      0.000028 write(7<pipe:[291741]>, "W", 1) = 1
49811      0.000068 write(7<pipe:[291741]>, "W", 1) = 1
49811      0.000108 read(10</etc/machine-id>, "3482c01c583640d4a544cbf9485272bb"..., 4096) = 33
49811      0.000035 write(7<pipe:[291741]>, "W", 1) = 1
49811      0.000033 write(7<pipe:[291741]>, "W", 1) = 1
49811      0.000036 read(6<pipe:[291741]>, "WWWWW", 10) = 5
49811      0.000021 read(6<pipe:[291741]>, 0x7efe7b4b3c9e, 10) = -1 EAGAIN (Resource temporarily unavailable)
49811      0.000029 write(7<pipe:[291741]>, "W", 1) = 1
49811      0.000028 write(7<pipe:[291741]>, "W", 1) = 1
49811      0.000040 read(6<pipe:[291741]>, "WW", 10) = 2
49811      0.000035 write(7<pipe:[291741]>, "W", 1) = 1
49811      0.000029 write(7<pipe:[291741]>, "W", 1) = 1
49811      0.000048 read(6<pipe:[291741]>, "WW", 10) = 2
49811      0.000025 write(7<pipe:[291741]>, "W", 1) = 1
49811      0.000026 write(7<pipe:[291741]>, "W", 1) = 1
49811      0.000023 read(6<pipe:[291741]>, "WW", 10) = 2
49811      0.000029 write(7<pipe:[291741]>, "W", 1) = 1
49811      0.000027 write(7<pipe:[291741]>, "W", 1) = 1
49811      0.000045 read(6<pipe:[291741]>, "WW", 10) = 2
49811      0.000026 write(7<pipe:[291741]>, "W", 1) = 1
49811      0.000027 write(7<pipe:[291741]>, "W", 1) = 1
49811      0.000017 read(6<pipe:[291741]>, "WW", 10) = 2
49811      0.000026 write(7<pipe:[291741]>, "W", 1) = 1
49811      0.000026 write(7<pipe:[291741]>, "W", 1) = 1
49811      0.000017 read(6<pipe:[291741]>, "WW", 10) = 2
49811      0.000026 write(7<pipe:[291741]>, "W", 1) = 1
49811      0.000026 write(7<pipe:[291741]>, "W", 1) = 1
49811      0.000017 read(6<pipe:[291741]>, "WW", 10) = 2
49811      0.000026 write(7<pipe:[291741]>, "W", 1) = 1
49811      0.000026 write(7<pipe:[291741]>, "W", 1) = 1
49811      0.000060 write(7<pipe:[291741]>, "W", 1) = 1
49811      0.000016 write(7<pipe:[291741]>, "W", 1) = 1
49811      0.000030 write(7<pipe:[291741]>, "W", 1) = 1
49811      0.000024 read(6<pipe:[291741]>, "WWWWW", 10) = 5
49811      0.000020 read(6<pipe:[291741]>, 0x7efe7b4b3c9e, 10) = -1 EAGAIN (Resource temporarily unavailable)
49811      0.000028 write(7<pipe:[291741]>, "W", 1) = 1
49811      0.000026 write(7<pipe:[291741]>, "W", 1) = 1
49811      0.000017 read(6<pipe:[291741]>, "WW", 10) = 2
49811      0.000026 write(7<pipe:[291741]>, "W", 1) = 1
49811      0.000027 write(7<pipe:[291741]>, "W", 1) = 1
49811      0.000029 read(6<pipe:[291741]>, "WW", 10) = 2
49808      0.000066 write(7<pipe:[291741]>, "W", 1) = 1
49808      0.000021 write(7<pipe:[291741]>, "W", 1) = 1
49811      0.000039 write(8<anon_inode:[eventfd]>, "\\1\\0\\0\\0\\0\\0\\0\\0", 8) = 8
49811      0.000024 read(6<pipe:[291741]>, "WW", 10) = 2
49811      0.000045 read(10<anon_inode:[eventfd]>, "\\1\\0\\0\\0\\0\\0\\0\\0", 8) = 8
49811      0.000034 read(6<pipe:[291741]>, 0x7efe7b4b3c9e, 10) = -1 EAGAIN (Resource temporarily unavailable)
49808      0.000039 write(7<pipe:[291741]>, "W", 1) = 1
49808      0.000020 write(7<pipe:[291741]>, "W", 1) = 1
49811      0.000033 write(8<anon_inode:[eventfd]>, "\\1\\0\\0\\0\\0\\0\\0\\0", 8) = 8
49811      0.000023 read(6<pipe:[291741]>, "WW", 10) = 2
49811      0.000041 read(10<anon_inode:[eventfd]>, "\\1\\0\\0\\0\\0\\0\\0\\0", 8) = 8
49811      0.000030 read(6<pipe:[291741]>, 0x7efe7b4b3c9e, 10) = -1 EAGAIN (Resource temporarily unavailable)
49808      0.000058 write(7<pipe:[291741]>, "W", 1) = 1
49808      0.000020 write(7<pipe:[291741]>, "W", 1) = 1
49811      0.000028 write(8<anon_inode:[eventfd]>, "\\1\\0\\0\\0\\0\\0\\0\\0", 8) = 8
49811      0.000020 read(6<pipe:[291741]>, "WW", 10) = 2
49811      0.000071 read(10<anon_inode:[eventfd]>, "\\1\\0\\0\\0\\0\\0\\0\\0", 8) = 8
49811      0.000039 write(5<pipe:[291740]>, "x", 1) = 1
49811      0.000043 read(6<pipe:[291741]>, 0x7efe7b4b3c9e, 10) = -1 EAGAIN (Resource temporarily unavailable)
49808      0.000042 write(7<pipe:[291741]>, "W", 1) = 1
49808      0.000021 write(7<pipe:[291741]>, "W", 1) = 1
49811      0.000028 write(8<anon_inode:[eventfd]>, "\\1\\0\\0\\0\\0\\0\\0\\0", 8) = 8
49811      0.000021 read(6<pipe:[291741]>, "WW", 10) = 2
49811      0.000044 read(10<anon_inode:[eventfd]>, "\\1\\0\\0\\0\\0\\0\\0\\0", 8) = 8
49811      0.000032 write(5<pipe:[291740]>, "x", 1) = 1
49811      0.000032 read(6<pipe:[291741]>, 0x7efe7b4b3c9e, 10) = -1 EAGAIN (Resource temporarily unavailable)
49808      0.000054 write(7<pipe:[291741]>, "W", 1) = 1
49808      0.000020 write(7<pipe:[291741]>, "W", 1) = 1
49811      0.000028 write(8<anon_inode:[eventfd]>, "\\1\\0\\0\\0\\0\\0\\0\\0", 8) = 8
49811      0.000020 read(6<pipe:[291741]>, "WW", 10) = 2
49811      0.000066 read(10<anon_inode:[eventfd]>, "\\1\\0\\0\\0\\0\\0\\0\\0", 8) = 8
49811      0.000054 read(6<pipe:[291741]>, 0x7efe7b4b3c9e, 10) = -1 EAGAIN (Resource temporarily unavailable)
49808      0.000041 write(7<pipe:[291741]>, "W", 1) = 1
49808      0.000020 write(7<pipe:[291741]>, "W", 1) = 1
49811      0.000028 write(8<anon_inode:[eventfd]>, "\\1\\0\\0\\0\\0\\0\\0\\0", 8) = 8
49811      0.000021 read(6<pipe:[291741]>, "WW", 10) = 2
49811      0.000049 read(10<anon_inode:[eventfd]>, "\\1\\0\\0\\0\\0\\0\\0\\0", 8) = 8
49811      0.000047 read(6<pipe:[291741]>, 0x7efe7b4b3c9e, 10) = -1 EAGAIN (Resource temporarily unavailable)
49808      0.000049 write(7<pipe:[291741]>, "W", 1) = 1
49808      0.000020 write(7<pipe:[291741]>, "W", 1) = 1
49811      0.000028 write(8<anon_inode:[eventfd]>, "\\1\\0\\0\\0\\0\\0\\0\\0", 8) = 8
49811      0.000020 read(6<pipe:[291741]>, "WW", 10) = 2
49811      0.000052 read(10<anon_inode:[eventfd]>, "\\1\\0\\0\\0\\0\\0\\0\\0", 8) = 8
49811      0.000046 read(6<pipe:[291741]>, 0x7efe7b4b3c9e, 10) = -1 EAGAIN (Resource temporarily unavailable)
49808      0.000041 write(7<pipe:[291741]>, "W", 1) = 1
49808      0.000020 write(7<pipe:[291741]>, "W", 1) = 1
49811      0.000028 write(8<anon_inode:[eventfd]>, "\\1\\0\\0\\0\\0\\0\\0\\0", 8) = 8
49811      0.000020 read(6<pipe:[291741]>, "WW", 10) = 2
49811      0.000045 read(10<anon_inode:[eventfd]>, "\\1\\0\\0\\0\\0\\0\\0\\0", 8) = 8
49811      0.000045 read(6<pipe:[291741]>, 0x7efe7b4b3c9e, 10) = -1 EAGAIN (Resource temporarily unavailable)
49808      0.000050 write(7<pipe:[291741]>, "W", 1) = 1
49808      0.000020 write(7<pipe:[291741]>, "W", 1) = 1
49811      0.000028 write(8<anon_inode:[eventfd]>, "\\1\\0\\0\\0\\0\\0\\0\\0", 8) = 8
49811      0.000020 read(6<pipe:[291741]>, "WW", 10) = 2
49811      0.000046 read(10<anon_inode:[eventfd]>, "\\1\\0\\0\\0\\0\\0\\0\\0", 8) = 8
49811      0.000045 read(6<pipe:[291741]>, 0x7efe7b4b3c9e, 10) = -1 EAGAIN (Resource temporarily unavailable)
49808      0.000040 write(7<pipe:[291741]>, "W", 1) = 1
49808      0.000023 write(7<pipe:[291741]>, "W", 1) = 1
49811      0.000029 write(8<anon_inode:[eventfd]>, "\\1\\0\\0\\0\\0\\0\\0\\0", 8) = 8
49811      0.000020 read(6<pipe:[291741]>, "WW", 10) = 2
49811      0.000044 read(10<anon_inode:[eventfd]>, "\\1\\0\\0\\0\\0\\0\\0\\0", 8) = 8
49811      0.000045 read(6<pipe:[291741]>, 0x7efe7b4b3c9e, 10) = -1 EAGAIN (Resource temporarily unavailable)
49808      0.000050 write(7<pipe:[291741]>, "W", 1) = 1
49808      0.000018 write(7<pipe:[291741]>, "W", 1) = 1
49811      0.000027 write(8<anon_inode:[eventfd]>, "\\1\\0\\0\\0\\0\\0\\0\\0", 8) = 8
49811      0.000028 read(6<pipe:[291741]>, "WW", 10) = 2
49811      0.000052 read(10<anon_inode:[eventfd]>, "\\1\\0\\0\\0\\0\\0\\0\\0", 8) = 8
49811      0.000046 read(6<pipe:[291741]>, 0x7efe7b4b3c9e, 10) = -1 EAGAIN (Resource temporarily unavailable)
49808      0.000041 write(7<pipe:[291741]>, "W", 1) = 1
49808      0.000020 write(7<pipe:[291741]>, "W", 1) = 1
49811      0.000028 write(8<anon_inode:[eventfd]>, "\\1\\0\\0\\0\\0\\0\\0\\0", 8) = 8
49811      0.000021 read(6<pipe:[291741]>, "WW", 10) = 2
49811      0.000043 read(10<anon_inode:[eventfd]>, "\\1\\0\\0\\0\\0\\0\\0\\0", 8) = 8
49811      0.000043 read(6<pipe:[291741]>, 0x7efe7b4b3c9e, 10) = -1 EAGAIN (Resource temporarily unavailable)
49808      0.000047 write(7<pipe:[291741]>, "W", 1) = 1
49808      0.000018 write(7<pipe:[291741]>, "W", 1) = 1
49811      0.000028 write(8<anon_inode:[eventfd]>, "\\1\\0\\0\\0\\0\\0\\0\\0", 8) = 8
49811      0.000020 read(6<pipe:[291741]>, "WW", 10) = 2
49811      0.000050 read(10<anon_inode:[eventfd]>, "\\1\\0\\0\\0\\0\\0\\0\\0", 8) = 8
49811      0.000049 read(6<pipe:[291741]>, 0x7efe7b4b3c9e, 10) = -1 EAGAIN (Resource temporarily unavailable)
49808      0.000040 write(7<pipe:[291741]>, "W", 1) = 1
49808      0.000018 write(7<pipe:[291741]>, "W", 1) = 1
49811      0.000028 write(8<anon_inode:[eventfd]>, "\\1\\0\\0\\0\\0\\0\\0\\0", 8) = 8
49811      0.000020 read(6<pipe:[291741]>, "WW", 10) = 2
49811      0.000043 read(10<anon_inode:[eventfd]>, "\\1\\0\\0\\0\\0\\0\\0\\0", 8) = 8
49811      0.000043 read(6<pipe:[291741]>, 0x7efe7b4b3c9e, 10) = -1 EAGAIN (Resource temporarily unavailable)
49808      0.000047 write(7<pipe:[291741]>, "W", 1) = 1
49808      0.000020 write(7<pipe:[291741]>, "W", 1) = 1
49811      0.000028 write(8<anon_inode:[eventfd]>, "\\1\\0\\0\\0\\0\\0\\0\\0", 8) = 8
49811      0.000020 read(6<pipe:[291741]>, "WW", 10) = 2
49811      0.000046 read(10<anon_inode:[eventfd]>, "\\1\\0\\0\\0\\0\\0\\0\\0", 8) = 8
49811      0.000046 read(6<pipe:[291741]>, 0x7efe7b4b3c9e, 10) = -1 EAGAIN (Resource temporarily unavailable)
49808      0.000040 write(7<pipe:[291741]>, "W", 1) = 1
49808      0.000023 write(7<pipe:[291741]>, "W", 1) = 1
49811      0.000031 write(8<anon_inode:[eventfd]>, "\\1\\0\\0\\0\\0\\0\\0\\0", 8) = 8
49811      0.000021 read(6<pipe:[291741]>, "WW", 10) = 2
49811      0.000044 read(10<anon_inode:[eventfd]>, "\\1\\0\\0\\0\\0\\0\\0\\0", 8) = 8
49811      0.000043 read(6<pipe:[291741]>, 0x7efe7b4b3c9e, 10) = -1 EAGAIN (Resource temporarily unavailable)
49808      0.000047 write(7<pipe:[291741]>, "W", 1) = 1
49808      0.000020 write(7<pipe:[291741]>, "W", 1) = 1
49811      0.000028 write(8<anon_inode:[eventfd]>, "\\1\\0\\0\\0\\0\\0\\0\\0", 8) = 8
49811      0.000020 read(6<pipe:[291741]>, "WW", 10) = 2
49811      0.000053 read(10<anon_inode:[eventfd]>, "\\1\\0\\0\\0\\0\\0\\0\\0", 8) = 8
49811      0.000045 read(6<pipe:[291741]>, 0x7efe7b4b3c9e, 10) = -1 EAGAIN (Resource temporarily unavailable)
49808      0.000040 write(7<pipe:[291741]>, "W", 1) = 1
49808      0.000020 write(7<pipe:[291741]>, "W", 1) = 1
49811      0.000028 write(8<anon_inode:[eventfd]>, "\\1\\0\\0\\0\\0\\0\\0\\0", 8) = 8
49811      0.000021 read(6<pipe:[291741]>, "WW", 10) = 2
49811      0.000044 read(10<anon_inode:[eventfd]>, "\\1\\0\\0\\0\\0\\0\\0\\0", 8) = 8
49811      0.000044 read(6<pipe:[291741]>, 0x7efe7b4b3c9e, 10) = -1 EAGAIN (Resource temporarily unavailable)
49808      0.000049 write(7<pipe:[291741]>, "W", 1) = 1
49808      0.000018 write(7<pipe:[291741]>, "W", 1) = 1
49811      0.000028 write(8<anon_inode:[eventfd]>, "\\1\\0\\0\\0\\0\\0\\0\\0", 8) = 8
49811      0.000020 read(6<pipe:[291741]>, "WW", 10) = 2
49811      0.000052 read(10<anon_inode:[eventfd]>, "\\1\\0\\0\\0\\0\\0\\0\\0", 8) = 8
49811      0.000045 read(6<pipe:[291741]>, 0x7efe7b4b3c9e, 10) = -1 EAGAIN (Resource temporarily unavailable)
49808      0.000040 write(7<pipe:[291741]>, "W", 1) = 1
49808      0.000020 write(7<pipe:[291741]>, "W", 1) = 1
49811      0.000028 write(8<anon_inode:[eventfd]>, "\\1\\0\\0\\0\\0\\0\\0\\0", 8) = 8
49811      0.000020 read(6<pipe:[291741]>, "WW", 10) = 2
49811      0.000043 read(10<anon_inode:[eventfd]>, "\\1\\0\\0\\0\\0\\0\\0\\0", 8) = 8
49811      0.000042 read(6<pipe:[291741]>, 0x7efe7b4b3c9e, 10) = -1 EAGAIN (Resource temporarily unavailable)
49808      0.000060 write(7<pipe:[291741]>, "W", 1) = 1
49808      0.000020 write(7<pipe:[291741]>, "W", 1) = 1
49811      0.000028 write(8<anon_inode:[eventfd]>, "\\1\\0\\0\\0\\0\\0\\0\\0", 8) = 8
49811      0.000022 read(6<pipe:[291741]>, "WW", 10) = 2
49811      0.000058 read(10<anon_inode:[eventfd]>, "\\1\\0\\0\\0\\0\\0\\0\\0", 8) = 8
49811      0.000050 read(6<pipe:[291741]>, 0x7efe7b4b3c9e, 10) = -1 EAGAIN (Resource temporarily unavailable)
49808      0.000043 write(7<pipe:[291741]>, "W", 1) = 1
49808      0.000021 write(7<pipe:[291741]>, "W", 1) = 1
49811      0.000029 write(8<anon_inode:[eventfd]>, "\\1\\0\\0\\0\\0\\0\\0\\0", 8) = 8
49811      0.000020 read(6<pipe:[291741]>, "WW", 10) = 2
49811      0.000043 read(10<anon_inode:[eventfd]>, "\\1\\0\\0\\0\\0\\0\\0\\0", 8) = 8
49811      0.000043 read(6<pipe:[291741]>, 0x7efe7b4b3c9e, 10) = -1 EAGAIN (Resource temporarily unavailable)
49808      0.000048 write(7<pipe:[291741]>, "W", 1) = 1
49808      0.000020 write(7<pipe:[291741]>, "W", 1) = 1
49811      0.000028 write(8<anon_inode:[eventfd]>, "\\1\\0\\0\\0\\0\\0\\0\\0", 8) = 8
49811      0.000021 read(6<pipe:[291741]>, "WW", 10) = 2
49811      0.000055 read(10<anon_inode:[eventfd]>, "\\1\\0\\0\\0\\0\\0\\0\\0", 8) = 8
49811      0.000045 read(6<pipe:[291741]>, 0x7efe7b4b3c9e, 10) = -1 EAGAIN (Resource temporarily unavailable)
49808      0.000041 write(7<pipe:[291741]>, "W", 1) = 1
49808      0.000021 write(7<pipe:[291741]>, "W", 1) = 1
49811      0.000029 write(8<anon_inode:[eventfd]>, "\\1\\0\\0\\0\\0\\0\\0\\0", 8) = 8
49811      0.000020 read(6<pipe:[291741]>, "WW", 10) = 2
49811      0.000043 read(10<anon_inode:[eventfd]>, "\\1\\0\\0\\0\\0\\0\\0\\0", 8) = 8
49811      0.000042 read(6<pipe:[291741]>, 0x7efe7b4b3c9e, 10) = -1 EAGAIN (Resource temporarily unavailable)
49808      0.000050 write(7<pipe:[291741]>, "W", 1) = 1
49808      0.000020 write(7<pipe:[291741]>, "W", 1) = 1
49811      0.000028 write(8<anon_inode:[eventfd]>, "\\1\\0\\0\\0\\0\\0\\0\\0", 8) = 8
49811      0.000020 read(6<pipe:[291741]>, "WW", 10) = 2
49811      0.000060 read(10<anon_inode:[eventfd]>, "\\1\\0\\0\\0\\0\\0\\0\\0", 8) = 8
49811      0.000045 read(6<pipe:[291741]>, 0x7efe7b4b3c9e, 10) = -1 EAGAIN (Resource temporarily unavailable)
49808      0.000041 write(7<pipe:[291741]>, "W", 1) = 1
49808      0.000021 write(7<pipe:[291741]>, "W", 1) = 1
49811      0.000029 write(8<anon_inode:[eventfd]>, "\\1\\0\\0\\0\\0\\0\\0\\0", 8) = 8
49811      0.000020 read(6<pipe:[291741]>, "WW", 10) = 2
49811      0.000043 read(10<anon_inode:[eventfd]>, "\\1\\0\\0\\0\\0\\0\\0\\0", 8) = 8
49811      0.000043 read(6<pipe:[291741]>, 0x7efe7b4b3c9e, 10) = -1 EAGAIN (Resource temporarily unavailable)
49808      0.000051 write(7<pipe:[291741]>, "W", 1) = 1
49808      0.000020 write(7<pipe:[291741]>, "W", 1) = 1
49811      0.000029 write(8<anon_inode:[eventfd]>, "\\1\\0\\0\\0\\0\\0\\0\\0", 8) = 8
49811      0.000020 read(6<pipe:[291741]>, "WW", 10) = 2
49811      0.000057 read(10<anon_inode:[eventfd]>, "\\1\\0\\0\\0\\0\\0\\0\\0", 8) = 8
49811      0.000045 read(6<pipe:[291741]>, 0x7efe7b4b3c9e, 10) = -1 EAGAIN (Resource temporarily unavailable)
49808      0.000041 write(7<pipe:[291741]>, "W", 1) = 1
49808      0.000021 write(7<pipe:[291741]>, "W", 1) = 1
49811      0.000029 write(8<anon_inode:[eventfd]>, "\\1\\0\\0\\0\\0\\0\\0\\0", 8) = 8
49811      0.000020 read(6<pipe:[291741]>, "WW", 10) = 2
49811      0.000043 read(10<anon_inode:[eventfd]>, "\\1\\0\\0\\0\\0\\0\\0\\0", 8) = 8
49811      0.000043 read(6<pipe:[291741]>, 0x7efe7b4b3c9e, 10) = -1 EAGAIN (Resource temporarily unavailable)
49808      0.000050 write(7<pipe:[291741]>, "W", 1) = 1
49808      0.000020 write(7<pipe:[291741]>, "W", 1) = 1
49811      0.000028 write(8<anon_inode:[eventfd]>, "\\1\\0\\0\\0\\0\\0\\0\\0", 8) = 8
49811      0.000020 read(6<pipe:[291741]>, "WW", 10) = 2
49811      0.000056 read(10<anon_inode:[eventfd]>, "\\1\\0\\0\\0\\0\\0\\0\\0", 8) = 8
49811      0.000045 read(6<pipe:[291741]>, 0x7efe7b4b3c9e, 10) = -1 EAGAIN (Resource temporarily unavailable)
49808      0.000040 write(7<pipe:[291741]>, "W", 1) = 1
49808      0.000020 write(7<pipe:[291741]>, "W", 1) = 1
49811      0.000030 write(8<anon_inode:[eventfd]>, "\\1\\0\\0\\0\\0\\0\\0\\0", 8) = 8
49811      0.000022 read(6<pipe:[291741]>, "WW", 10) = 2
49811      0.000044 read(10<anon_inode:[eventfd]>, "\\1\\0\\0\\0\\0\\0\\0\\0", 8) = 8
49811      0.000043 read(6<pipe:[291741]>, 0x7efe7b4b3c9e, 10) = -1 EAGAIN (Resource temporarily unavailable)
49808      0.000049 write(7<pipe:[291741]>, "W", 1) = 1
49808      0.000021 write(7<pipe:[291741]>, "W", 1) = 1
49811      0.000028 write(8<anon_inode:[eventfd]>, "\\1\\0\\0\\0\\0\\0\\0\\0", 8) = 8
49811      0.000020 read(6<pipe:[291741]>, "WW", 10) = 2
49811      0.000054 read(10<anon_inode:[eventfd]>, "\\1\\0\\0\\0\\0\\0\\0\\0", 8) = 8
49811      0.000045 read(6<pipe:[291741]>, 0x7efe7b4b3c9e, 10) = -1 EAGAIN (Resource temporarily unavailable)
49808      0.000040 write(7<pipe:[291741]>, "W", 1) = 1
49808      0.000021 write(7<pipe:[291741]>, "W", 1) = 1
49811      0.000028 write(8<anon_inode:[eventfd]>, "\\1\\0\\0\\0\\0\\0\\0\\0", 8) = 8
49811      0.000020 read(6<pipe:[291741]>, "WW", 10) = 2
49811      0.000043 read(10<anon_inode:[eventfd]>, "\\1\\0\\0\\0\\0\\0\\0\\0", 8) = 8
49811      0.000042 read(6<pipe:[291741]>, 0x7efe7b4b3c9e, 10) = -1 EAGAIN (Resource temporarily unavailable)
49808      0.000048 write(7<pipe:[291741]>, "W", 1) = 1
49808      0.000020 write(7<pipe:[291741]>, "W", 1) = 1
49811      0.000029 write(8<anon_inode:[eventfd]>, "\\1\\0\\0\\0\\0\\0\\0\\0", 8) = 8
49811      0.000020 read(6<pipe:[291741]>, "WW", 10) = 2
49811      0.000055 read(10<anon_inode:[eventfd]>, "\\1\\0\\0\\0\\0\\0\\0\\0", 8) = 8
49811      0.000044 read(6<pipe:[291741]>, 0x7efe7b4b3c9e, 10) = -1 EAGAIN (Resource temporarily unavailable)
49808      0.000041 write(7<pipe:[291741]>, "W", 1) = 1
49808      0.000021 write(7<pipe:[291741]>, "W", 1) = 1
49811      0.000029 write(8<anon_inode:[eventfd]>, "\\1\\0\\0\\0\\0\\0\\0\\0", 8) = 8
49811      0.000020 read(6<pipe:[291741]>, "WW", 10) = 2
49811      0.000044 read(10<anon_inode:[eventfd]>, "\\1\\0\\0\\0\\0\\0\\0\\0", 8) = 8
49811      0.000042 read(6<pipe:[291741]>, 0x7efe7b4b3c9e, 10) = -1 EAGAIN (Resource temporarily unavailable)
49808      0.000072 write(7<pipe:[291741]>, "W", 1) = 1
49808      0.000021 write(7<pipe:[291741]>, "W", 1) = 1
49811      0.000029 write(8<anon_inode:[eventfd]>, "\\1\\0\\0\\0\\0\\0\\0\\0", 8) = 8
49811      0.000020 read(6<pipe:[291741]>, "WW", 10) = 2
49811      0.000057 read(10<anon_inode:[eventfd]>, "\\1\\0\\0\\0\\0\\0\\0\\0", 8) = 8
49811      0.000044 read(6<pipe:[291741]>, 0x7efe7b4b3c9e, 10) = -1 EAGAIN (Resource temporarily unavailable)
49808      0.000041 write(7<pipe:[291741]>, "W", 1) = 1
49808      0.000021 write(7<pipe:[291741]>, "W", 1) = 1
49811      0.000029 write(8<anon_inode:[eventfd]>, "\\1\\0\\0\\0\\0\\0\\0\\0", 8) = 8
49811      0.000020 read(6<pipe:[291741]>, "WW", 10) = 2
49811      0.000043 read(10<anon_inode:[eventfd]>, "\\1\\0\\0\\0\\0\\0\\0\\0", 8) = 8
49811      0.000042 read(6<pipe:[291741]>, 0x7efe7b4b3c9e, 10) = -1 EAGAIN (Resource temporarily unavailable)
49808      0.000042 write(7<pipe:[291741]>, "W", 1) = 1
49811      0.000063 +++ exited with 0 +++
49808      0.000018 write(5<pipe:[291740]>, "x", 1) = 1
49808      0.000021 write(7<pipe:[291741]>, "W", 1) = 1
49808      0.000122 write(7<pipe:[291741]>, "W", 1) = 1
49808      0.000177 write(1<pipe:[293846]>, "Simple mixer control 'Master',0\\n"..., 243) = 243
49809      0.000023 <... read resumed>"Simple mixer control 'Master',0\\n"..., 4096) = 243
49809      0.000083 write(1<pipe:[293847]>, "90 true\\n", 8) = 8
49810      0.000023 <... read resumed>"9", 1) = 1
49810      0.000013 read(0<pipe:[293847]>, "0", 1) = 1
49810      0.000033 read(0<pipe:[293847]>, " ", 1) = 1
49810      0.000023 read(0<pipe:[293847]>, "t", 1) = 1
49810      0.000022 read(0<pipe:[293847]>, "r", 1) = 1
49810      0.000020 read(0<pipe:[293847]>, "u", 1) = 1
49810      0.000023 read(0<pipe:[293847]>,  <unfinished ...>
49808      0.000012 +++ exited with 0 +++
49810      0.000004 <... read resumed>"e", 1) = 1
49810      0.000010 read(0<pipe:[293847]>, "\\n", 1) = 1
49809      0.000056 +++ exited with 0 +++
49810      0.000032 write(1<pipe:[296286]>, "vol: ", 5) = 5
49777      0.000021 <... read resumed>"vol: ", 128) = 5
49777      0.000016 read(4<pipe:[296286]>,  <unfinished ...>
49810      0.000007 write(1<pipe:[296286]>, "90%", 3 <unfinished ...>
49777      0.000011 <... read resumed>"90%", 128) = 3
49810      0.000004 <... write resumed>) = 3
49777      0.000003 read(4<pipe:[296286]>,  <unfinished ...>
49810      0.000098 +++ exited with 0 +++
49807      0.000068 --- SIGCHLD {si_signo=SIGCHLD, si_code=CLD_EXITED, si_pid=49808, si_uid=1000, si_status=0, si_utime=0, si_stime=0} ---
49777      0.000136 <... read resumed>"", 128) = 0
49807      0.000002 +++ exited with 0 +++
49777      0.000004 --- SIGCHLD {si_signo=SIGCHLD, si_code=CLD_EXITED, si_pid=49807, si_uid=1000, si_status=0, si_utime=0, si_stime=0} ---
49777      0.000226 clone(child_stack=NULL, flags=CLONE_CHILD_CLEARTID|CLONE_CHILD_SETTID|SIGCHLD, child_tidptr=0x7f61a3e16a10) = 49812
49777      0.000099 read(4<pipe:[296287]>,  <unfinished ...>
49812      0.000322 read(0</sys/devices/LNXSYSTM:00/LNXSYBUS:00/PNP0A08:00/device:19/PNP0C09:00/PNP0C0A:00/power_supply/BAT0/status>, "Discharging\\n", 128) = 12
49812      0.003341 read(0</sys/devices/LNXSYSTM:00/LNXSYBUS:00/PNP0A08:00/device:19/PNP0C09:00/PNP0C0A:00/power_supply/BAT0/capacity>, "46\\n", 128) = 3
49812      0.000070 write(1<pipe:[296287]>, "bat: ", 5) = 5
49777      0.000019 <... read resumed>"bat: ", 128) = 5
49777      0.000010 read(4<pipe:[296287]>,  <unfinished ...>
49812      0.000084 write(1<pipe:[296287]>, "\\33[0;37m46%\\33[0m", 14 <unfinished ...>
49777      0.000012 <... read resumed>"\\33[0;37m46%\\33[0m", 128) = 14
49812      0.000004 <... write resumed>) = 14
49777      0.000003 read(4<pipe:[296287]>, "", 128) = 0
49812      0.000089 +++ exited with 0 +++
49777      0.000003 --- SIGCHLD {si_signo=SIGCHLD, si_code=CLD_EXITED, si_pid=49812, si_uid=1000, si_status=0, si_utime=0, si_stime=0} ---
49777      0.000214 clone(child_stack=NULL, flags=CLONE_CHILD_CLEARTID|CLONE_CHILD_SETTID|SIGCHLD, child_tidptr=0x7f61a3e16a10) = 49813
49777      0.000093 read(4<pipe:[296288]>,  <unfinished ...>
49813      0.000208 write(1<pipe:[296288]>, "home: ", 6 <unfinished ...>
49777      0.000017 <... read resumed>"home: ", 128) = 6
49813      0.000004 <... write resumed>) = 6
49777      0.000003 read(4<pipe:[296288]>,  <unfinished ...>
49813      0.000039 clone(child_stack=NULL, flags=CLONE_CHILD_CLEARTID|CLONE_CHILD_SETTID|SIGCHLD, child_tidptr=0x7f61a3e16a10) = 49814
49813      0.000118 clone(child_stack=NULL, flags=CLONE_CHILD_CLEARTID|CLONE_CHILD_SETTID|SIGCHLD, child_tidptr=0x7f61a3e16a10) = 49815
49815      0.000252 read(0<pipe:[292797]>,  <unfinished ...>
49814      0.000175 execve("/usr/bin/df", ["df", "/home", "-h", "--output=used,size,pcent"], 0x5615639e02e0 /* 93 vars */) = 0
49814      0.000278 read(4</usr/lib64/libc-2.31.so>, "\\177ELF\\2\\1\\1\\3\\0\\0\\0\\0\\0\\0\\0\\0\\3\\0>\\0\\1\\0\\0\\0\\200q\\2\\0\\0\\0\\0\\0"..., 832) = 832
49814      0.000481 read(4</usr/share/locale/locale.alias>, "# Locale name alias data base.\\n#"..., 4096) = 2998
49814      0.000033 read(4</usr/share/locale/locale.alias>, "", 4096) = 0
49814      0.000150 read(4</proc/49814/mountinfo>, "23 65 0:22 / /sys rw,nosuid,node"..., 1024) = 1024
49814      0.000060 read(4</proc/49814/mountinfo>, "e rw,mode=700\\n60 23 0:31 / /sys/"..., 1024) = 1024
49814      0.000066 read(4</proc/49814/mountinfo>, "binfmt_misc rw,nosuid,nodev,noex"..., 1024) = 762
49814      0.000038 read(4</proc/49814/mountinfo>, "", 1024) = 0
49814      0.000155 write(1<pipe:[292797]>, " Used  Size Use%\\n  37G  157G  25"..., 34) = 34
49815      0.000022 <... read resumed>" ", 1) = 1
49815      0.000007 read(0<pipe:[292797]>, "U", 1) = 1
49815      0.000019 read(0<pipe:[292797]>, "s", 1) = 1
49815      0.000018 read(0<pipe:[292797]>, "e", 1) = 1
49815      0.000017 read(0<pipe:[292797]>, "d", 1) = 1
49815      0.000016 read(0<pipe:[292797]>, " ", 1) = 1
49815      0.000016 read(0<pipe:[292797]>,  <unfinished ...>
49814      0.000008 +++ exited with 0 +++
49815      0.000003 <... read resumed>" ", 1) = 1
49815      0.000006 read(0<pipe:[292797]>, "S", 1) = 1
49815      0.000015 read(0<pipe:[292797]>, "i", 1) = 1
49815      0.000016 read(0<pipe:[292797]>, "z", 1) = 1
49815      0.000016 read(0<pipe:[292797]>, "e", 1) = 1
49815      0.000016 read(0<pipe:[292797]>, " ", 1) = 1
49815      0.000016 read(0<pipe:[292797]>, "U", 1) = 1
49815      0.000016 read(0<pipe:[292797]>, "s", 1) = 1
49815      0.000016 read(0<pipe:[292797]>, "e", 1) = 1
49815      0.000016 read(0<pipe:[292797]>, "%", 1) = 1
49815      0.000016 read(0<pipe:[292797]>, "\\n", 1) = 1
49815      0.000061 read(0<pipe:[292797]>, " ", 1) = 1
49815      0.000016 read(0<pipe:[292797]>, " ", 1) = 1
49815      0.000016 read(0<pipe:[292797]>, "3", 1) = 1
49815      0.000016 read(0<pipe:[292797]>, "7", 1) = 1
49815      0.000016 read(0<pipe:[292797]>, "G", 1) = 1
49815      0.000016 read(0<pipe:[292797]>, " ", 1) = 1
49815      0.000016 read(0<pipe:[292797]>, " ", 1) = 1
49815      0.000016 read(0<pipe:[292797]>, "1", 1) = 1
49815      0.000016 read(0<pipe:[292797]>, "5", 1) = 1
49815      0.000016 read(0<pipe:[292797]>, "7", 1) = 1
49815      0.000016 read(0<pipe:[292797]>, "G", 1) = 1
49815      0.000016 read(0<pipe:[292797]>, " ", 1) = 1
49815      0.000016 read(0<pipe:[292797]>, " ", 1) = 1
49815      0.000016 read(0<pipe:[292797]>, "2", 1) = 1
49815      0.000016 read(0<pipe:[292797]>, "5", 1) = 1
49815      0.000016 read(0<pipe:[292797]>, "%", 1) = 1
49815      0.000016 read(0<pipe:[292797]>, "\\n", 1) = 1
49815      0.000141 write(1<pipe:[296288]>, "\\33[0;37m37G/157G\\33[0m", 19 <unfinished ...>
49777      0.000021 <... read resumed>"\\33[0;37m37G/157G\\33[0m", 128) = 19
49815      0.000011 <... write resumed>) = 19
49777      0.000004 read(4<pipe:[296288]>,  <unfinished ...>
49815      0.000092 +++ exited with 0 +++
49813      0.000061 --- SIGCHLD {si_signo=SIGCHLD, si_code=CLD_EXITED, si_pid=49814, si_uid=1000, si_status=0, si_utime=0, si_stime=0} ---
49777      0.000132 <... read resumed>"", 128) = 0
49813      0.000006 +++ exited with 0 +++
49777      0.000003 --- SIGCHLD {si_signo=SIGCHLD, si_code=CLD_EXITED, si_pid=49813, si_uid=1000, si_status=0, si_utime=0, si_stime=0} ---
49777      0.000218 clone(child_stack=NULL, flags=CLONE_CHILD_CLEARTID|CLONE_CHILD_SETTID|SIGCHLD, child_tidptr=0x7f61a3e16a10) = 49816
49777      0.000103 read(4<pipe:[296297]>,  <unfinished ...>
49816      0.000476 clone(child_stack=NULL, flags=CLONE_CHILD_CLEARTID|CLONE_CHILD_SETTID|SIGCHLD, child_tidptr=0x7f61a3e16a10) = 49817
49817      0.000151 execve("/usr/bin/date", ["date", "+%H:%M:%S %d/%m/%Y"], 0x5615639e02e0 /* 93 vars */) = 0
49817      0.000247 read(4</usr/lib64/libc-2.31.so>, "\\177ELF\\2\\1\\1\\3\\0\\0\\0\\0\\0\\0\\0\\0\\3\\0>\\0\\1\\0\\0\\0\\200q\\2\\0\\0\\0\\0\\0"..., 832) = 832
49817      0.000488 read(4</usr/share/zoneinfo/Europe/Paris>, "TZif2\\0\\0\\0\\0\\0\\0\\0\\0\\0\\0\\0\\0\\0\\0\\0\\0\\0\\0\\r\\0\\0\\0\\r\\0\\0\\0\\0"..., 4096) = 2962
49817      0.000031 read(4</usr/share/zoneinfo/Europe/Paris>, "TZif2\\0\\0\\0\\0\\0\\0\\0\\0\\0\\0\\0\\0\\0\\0\\0\\0\\0\\0\\r\\0\\0\\0\\r\\0\\0\\0\\0"..., 4096) = 1863
49817      0.000045 write(1<pipe:[296297]>, "00:24:11 01/10/2020\\n", 20 <unfinished ...>
49777      0.000016 <... read resumed>"00:24:11 01/10/2020\\n", 128) = 20
49817      0.000005 <... write resumed>) = 20
49777      0.000007 read(4<pipe:[296297]>,  <unfinished ...>
49817      0.000073 +++ exited with 0 +++
49816      0.000035 --- SIGCHLD {si_signo=SIGCHLD, si_code=CLD_EXITED, si_pid=49817, si_uid=1000, si_status=0, si_utime=0, si_stime=0} ---
49777      0.000115 <... read resumed>"", 128) = 0
49816      0.000003 +++ exited with 0 +++
49777      0.000005 --- SIGCHLD {si_signo=SIGCHLD, si_code=CLD_EXITED, si_pid=49816, si_uid=1000, si_status=0, si_utime=0, si_stime=0} ---
49777      0.000167 write(1</dev/pts/3>, "MainThread: \\33[0;32m1%\\33[0m\\n", 26) = 26
49777      0.000027 write(1</dev/pts/3>, "Robert77_5G\\n", 12) = 12
49777      0.000020 write(1</dev/pts/3>, "wifi: \\33[0;32m74%\\33[0m\\n", 21) = 21
49777      0.000020 write(1</dev/pts/3>, "fans: \\33[0;33m2868\\33[0m\\n", 22) = 22
49777      0.000020 write(1</dev/pts/3>, "backlight: 60%\\n", 15) = 15
49777      0.000020 write(1</dev/pts/3>, "vol: 90%\\n", 9) = 9
49777      0.000020 write(1</dev/pts/3>, "bat: \\33[0;37m46%\\33[0m\\n", 20) = 20
49777      0.000033 write(1</dev/pts/3>, "home: \\33[0;37m37G/157G\\33[0m\\n", 26) = 26
49777      0.000029 write(1</dev/pts/3>, "00:24:11 01/10/2020\\n", 20) = 20
49777      0.000040 read(255</home/quentin/projects/system-summary/system-summary>, "# keep above line blank\\n", 7024) = 24
49777      0.000024 read(255</home/quentin/projects/system-summary/system-summary>, "", 7024) = 0
49777      0.000139 +++ exited with 0 +++`;
