23063      0.000253 clone(child_stack=NULL, flags=CLONE_CHILD_CLEARTID|CLONE_CHILD_SETTID|SIGCHLD, child_tidptr=0x7fcb0bab2a10) = 23087
23063      0.000116 read(4<pipe:[143979]>,  <unfinished ...>
23087      0.000525 clone(child_stack=NULL, flags=CLONE_CHILD_CLEARTID|CLONE_CHILD_SETTID|SIGCHLD, child_tidptr=0x7fcb0bab2a10) = 23088
23087      0.000093 read(4<pipe:[147490]>,  <unfinished ...>
23088      0.000219 clone(child_stack=NULL, flags=CLONE_CHILD_CLEARTID|CLONE_CHILD_SETTID|SIGCHLD, child_tidptr=0x7fcb0bab2a10) = 23089
23088      0.000122 clone(child_stack=NULL, flags=CLONE_CHILD_CLEARTID|CLONE_CHILD_SETTID|SIGCHLD, child_tidptr=0x7fcb0bab2a10) = 23090
23089      0.000406 execve("/usr/sbin/iwconfig", ["iwconfig", "wlp0s20f3"], 0x55ab89e04eb0 /* 93 vars */ <unfinished ...>
23090      0.000074 execve("/usr/bin/sed", ["sed", "-n", "s/.*Link Quality=\\\\([0-9]*\\\\)\\\\/\\\\(["...], 0x55ab89e04eb0 /* 93 vars */ <unfinished ...>
23089      0.000061 <... execve resumed>) = 0
23090      0.000060 <... execve resumed>) = 0
23089      0.000069 read(4</usr/lib64/libiw.so.29>, "\\177ELF\\2\\1\\1\\0\\0\\0\\0\\0\\0\\0\\0\\0\\3\\0>\\0\\1\\0\\0\\0p'\\0\\0\\0\\0\\0\\0"..., 832) = 832
23090      0.000052 read(4</usr/lib64/libacl.so.1.1.2253>, "\\177ELF\\2\\1\\1\\0\\0\\0\\0\\0\\0\\0\\0\\0\\3\\0>\\0\\1\\0\\0\\0\\20'\\0\\0\\0\\0\\0\\0"..., 832) = 832
23089      0.000105 read(4</usr/lib64/libc-2.31.so>, "\\177ELF\\2\\1\\1\\3\\0\\0\\0\\0\\0\\0\\0\\0\\3\\0>\\0\\1\\0\\0\\0\\200q\\2\\0\\0\\0\\0\\0"..., 832) = 832
23090      0.000018 read(4</usr/lib64/libselinux.so.1>, "\\177ELF\\2\\1\\1\\0\\0\\0\\0\\0\\0\\0\\0\\0\\3\\0>\\0\\1\\0\\0\\0\\320\\207\\0\\0\\0\\0\\0\\0"..., 832) = 832
23090      0.000105 read(4</usr/lib64/libc-2.31.so>, "\\177ELF\\2\\1\\1\\3\\0\\0\\0\\0\\0\\0\\0\\0\\3\\0>\\0\\1\\0\\0\\0\\200q\\2\\0\\0\\0\\0\\0"..., 832) = 832
23089      0.000063 read(4</usr/lib64/libm-2.31.so>, "\\177ELF\\2\\1\\1\\3\\0\\0\\0\\0\\0\\0\\0\\0\\3\\0>\\0\\1\\0\\0\\0\\320\\363\\0\\0\\0\\0\\0\\0"..., 832) = 832
23090      0.000093 read(4</usr/lib64/libattr.so.1.1.2448>, "\\177ELF\\2\\1\\1\\0\\0\\0\\0\\0\\0\\0\\0\\0\\3\\0>\\0\\1\\0\\0\\0000%\\0\\0\\0\\0\\0\\0"..., 832) = 832
23090      0.000099 read(4</usr/lib64/libpcre2-8.so.0.10.0>, "\\177ELF\\2\\1\\1\\0\\0\\0\\0\\0\\0\\0\\0\\0\\3\\0>\\0\\1\\0\\0\\0\\2604\\0\\0\\0\\0\\0\\0"..., 832) = 832
23090      0.000093 read(4</usr/lib64/libdl-2.31.so>, "\\177ELF\\2\\1\\1\\0\\0\\0\\0\\0\\0\\0\\0\\0\\3\\0>\\0\\1\\0\\0\\0p\\"\\0\\0\\0\\0\\0\\0"..., 832) = 832
23090      0.000096 read(4</usr/lib64/libpthread-2.31.so>, "\\177ELF\\2\\1\\1\\0\\0\\0\\0\\0\\0\\0\\0\\0\\3\\0>\\0\\1\\0\\0\\0\\240\\201\\0\\0\\0\\0\\0\\0"..., 832) = 832
23090      0.000779 read(0<pipe:[141017]>,  <unfinished ...>
23089      0.000784 write(1<pipe:[141017]>, "wlp0s20f3  IEEE 802.11  ESSID:\\"R"..., 457) = 457
23090      0.000035 <... read resumed>"wlp0s20f3  IEEE 802.11  ESSID:\\"R"..., 4096) = 457
23089      0.000069 +++ exited with 0 +++
23090      0.000051 read(0<pipe:[141017]>, "", 4096) = 0
23090      0.000026 write(1<pipe:[147490]>, "67*100/70\\n", 10) = 10
23087      0.000023 <... read resumed>"67*100/70\\n", 128) = 10
23087      0.000013 read(4<pipe:[147490]>,  <unfinished ...>
23090      0.000117 +++ exited with 0 +++
23088      0.000059 --- SIGCHLD {si_signo=SIGCHLD, si_code=CLD_EXITED, si_pid=23089, si_uid=1000, si_status=0, si_utime=0, si_stime=0} ---
23088      0.000136 +++ exited with 0 +++
23087      0.000008 <... read resumed>"", 128) = 0
23087      0.000011 --- SIGCHLD {si_signo=SIGCHLD, si_code=CLD_EXITED, si_pid=23088, si_uid=1000, si_status=0, si_utime=0, si_stime=0} ---
23087      0.000165 write(1<pipe:[143979]>, "wifi: ", 6 <unfinished ...>
23063      0.000056 <... read resumed>"wifi: ", 128) = 6
23087      0.000010 <... write resumed>) = 6
23063      0.000008 read(4<pipe:[143979]>,  <unfinished ...>
23087      0.000082 write(1<pipe:[143979]>, "\\33[0;32m95%\\33[0m", 14) = 14
23063      0.000026 <... read resumed>"\\33[0;32m95%\\33[0m", 128) = 14
23063      0.000011 read(4<pipe:[143979]>, "", 128) = 0
23087      0.000096 +++ exited with 0 +++
23063      0.000005 --- SIGCHLD {si_signo=SIGCHLD, si_code=CLD_EXITED, si_pid=23087, si_uid=1000, si_status=0, si_utime=0, si_stime=0} ---
23063      0.000259 clone(child_stack=NULL, flags=CLONE_CHILD_CLEARTID|CLONE_CHILD_SETTID|SIGCHLD, child_tidptr=0x7fcb0bab2a10) = 23091
23063      0.000119 read(4<pipe:[141018]>,  <unfinished ...>
23091      0.000256 write(1<pipe:[141018]>, "fans:", 5) = 5
23063      0.000026 <... read resumed>"fans:", 128) = 5
23063      0.000012 read(4<pipe:[141018]>,  <unfinished ...>
23091      0.000633 write(1<pipe:[141018]>, " ", 1) = 1
23063      0.000021 <... read resumed>" ", 128) = 1
23063      0.000009 read(4<pipe:[141018]>,  <unfinished ...>
23091      0.000121 read(0</sys/devices/platform/thinkpad_hwmon/hwmon/hwmon4/fan1_input>, "0\\n", 128) = 2
23063      0.000654 <... read resumed>"", 128) = 0
23091      0.000005 +++ exited with 1 +++
23063      0.000004 --- SIGCHLD {si_signo=SIGCHLD, si_code=CLD_EXITED, si_pid=23091, si_uid=1000, si_status=1, si_utime=0, si_stime=0} ---
23063      0.000229 clone(child_stack=NULL, flags=CLONE_CHILD_CLEARTID|CLONE_CHILD_SETTID|SIGCHLD, child_tidptr=0x7fcb0bab2a10) = 23092
23063      0.000109 read(4<pipe:[141019]>,  <unfinished ...>
23092      0.000336 read(0</sys/devices/pci0000:00/0000:00:02.0/drm/card0/card0-eDP-1/intel_backlight/brightness>, "14546\\n", 128) = 6
23092      0.000425 read(0</sys/devices/pci0000:00/0000:00:02.0/drm/card0/card0-eDP-1/intel_backlight/max_brightness>, "24242\\n", 128) = 6
23092      0.000090 write(1<pipe:[141019]>, "backlight: ", 11) = 11
23063      0.000019 <... read resumed>"backlight: ", 128) = 11
23063      0.000014 read(4<pipe:[141019]>,  <unfinished ...>
23092      0.000012 write(1<pipe:[141019]>, "60%\\n", 4 <unfinished ...>
23063      0.000012 <... read resumed>"60%\\n", 128) = 4
23092      0.000004 <... write resumed>) = 4
23063      0.000003 read(4<pipe:[141019]>, "", 128) = 0
23092      0.000092 +++ exited with 0 +++
23063      0.000003 --- SIGCHLD {si_signo=SIGCHLD, si_code=CLD_EXITED, si_pid=23092, si_uid=1000, si_status=0, si_utime=0, si_stime=0} ---
23063      0.000214 clone(child_stack=NULL, flags=CLONE_CHILD_CLEARTID|CLONE_CHILD_SETTID|SIGCHLD, child_tidptr=0x7fcb0bab2a10) = 23093
23063      0.000115 read(4<pipe:[141020]>,  <unfinished ...>
23093      0.000240 clone(child_stack=NULL, flags=CLONE_CHILD_CLEARTID|CLONE_CHILD_SETTID|SIGCHLD, child_tidptr=0x7fcb0bab2a10) = 23094
23093      0.000139 clone(child_stack=NULL, flags=CLONE_CHILD_CLEARTID|CLONE_CHILD_SETTID|SIGCHLD, child_tidptr=0x7fcb0bab2a10) = 23095
23093      0.000160 clone(child_stack=NULL, flags=CLONE_CHILD_CLEARTID|CLONE_CHILD_SETTID|SIGCHLD, child_tidptr=0x7fcb0bab2a10) = 23096
23096      0.000275 read(0<pipe:[146136]>,  <unfinished ...>
23094      0.000052 execve("/usr/bin/amixer", ["amixer", "get", "Master"], 0x55ab89de02e0 /* 93 vars */ <unfinished ...>
23095      0.000082 execve("/usr/bin/sed", ["sed", "-n", "\\n      /\\\\[/{\\n        # delete ev"...], 0x55ab89de02e0 /* 93 vars */ <unfinished ...>
23094      0.000063 <... execve resumed>) = 0
23095      0.000066 <... execve resumed>) = 0
23094      0.000073 read(4</usr/lib64/libm-2.31.so>, "\\177ELF\\2\\1\\1\\3\\0\\0\\0\\0\\0\\0\\0\\0\\3\\0>\\0\\1\\0\\0\\0\\320\\363\\0\\0\\0\\0\\0\\0"..., 832) = 832
23095      0.000057 read(4</usr/lib64/libacl.so.1.1.2253>, "\\177ELF\\2\\1\\1\\0\\0\\0\\0\\0\\0\\0\\0\\0\\3\\0>\\0\\1\\0\\0\\0\\20'\\0\\0\\0\\0\\0\\0"..., 832) = 832
23094      0.000082 read(4</usr/lib64/libasound.so.2.0.0>, "\\177ELF\\2\\1\\1\\0\\0\\0\\0\\0\\0\\0\\0\\0\\3\\0>\\0\\1\\0\\0\\0p*\\3\\0\\0\\0\\0\\0"..., 832) = 832
23095      0.000036 read(4</usr/lib64/libselinux.so.1>, "\\177ELF\\2\\1\\1\\0\\0\\0\\0\\0\\0\\0\\0\\0\\3\\0>\\0\\1\\0\\0\\0\\320\\207\\0\\0\\0\\0\\0\\0"..., 832) = 832
23094      0.000090 read(4</usr/lib64/libc-2.31.so>, "\\177ELF\\2\\1\\1\\3\\0\\0\\0\\0\\0\\0\\0\\0\\3\\0>\\0\\1\\0\\0\\0\\200q\\2\\0\\0\\0\\0\\0"..., 832) = 832
23095      0.000016 read(4</usr/lib64/libc-2.31.so>, "\\177ELF\\2\\1\\1\\3\\0\\0\\0\\0\\0\\0\\0\\0\\3\\0>\\0\\1\\0\\0\\0\\200q\\2\\0\\0\\0\\0\\0"..., 832) = 832
23095      0.000149 read(4</usr/lib64/libattr.so.1.1.2448>,  <unfinished ...>
23094      0.000006 read(4</usr/lib64/libdl-2.31.so>,  <unfinished ...>
23095      0.000005 <... read resumed>"\\177ELF\\2\\1\\1\\0\\0\\0\\0\\0\\0\\0\\0\\0\\3\\0>\\0\\1\\0\\0\\0000%\\0\\0\\0\\0\\0\\0"..., 832) = 832
23094      0.000005 <... read resumed>"\\177ELF\\2\\1\\1\\0\\0\\0\\0\\0\\0\\0\\0\\0\\3\\0>\\0\\1\\0\\0\\0p\\"\\0\\0\\0\\0\\0\\0"..., 832) = 832
23095      0.000096 read(4</usr/lib64/libpcre2-8.so.0.10.0>,  <unfinished ...>
23094      0.000006 read(4</usr/lib64/libpthread-2.31.so>,  <unfinished ...>
23095      0.000005 <... read resumed>"\\177ELF\\2\\1\\1\\0\\0\\0\\0\\0\\0\\0\\0\\0\\3\\0>\\0\\1\\0\\0\\0\\2604\\0\\0\\0\\0\\0\\0"..., 832) = 832
23094      0.000004 <... read resumed>"\\177ELF\\2\\1\\1\\0\\0\\0\\0\\0\\0\\0\\0\\0\\3\\0>\\0\\1\\0\\0\\0\\240\\201\\0\\0\\0\\0\\0\\0"..., 832) = 832
23095      0.000079 read(4</usr/lib64/libdl-2.31.so>, "\\177ELF\\2\\1\\1\\0\\0\\0\\0\\0\\0\\0\\0\\0\\3\\0>\\0\\1\\0\\0\\0p\\"\\0\\0\\0\\0\\0\\0"..., 832) = 832
23094      0.000032 read(4</usr/lib64/librt-2.31.so>, "\\177ELF\\2\\1\\1\\0\\0\\0\\0\\0\\0\\0\\0\\0\\3\\0>\\0\\1\\0\\0\\0\\0207\\0\\0\\0\\0\\0\\0"..., 832) = 832
23095      0.000069 read(4</usr/lib64/libpthread-2.31.so>, "\\177ELF\\2\\1\\1\\0\\0\\0\\0\\0\\0\\0\\0\\0\\3\\0>\\0\\1\\0\\0\\0\\240\\201\\0\\0\\0\\0\\0\\0"..., 832) = 832
23094      0.000644 read(4</usr/share/alsa/alsa.conf>, "#\\n#  ALSA library configuration "..., 4096) = 4096
23095      0.000123 read(0<pipe:[146135]>,  <unfinished ...>
23094      0.000008 read(4</usr/share/alsa/alsa.conf>, "efaults.pcm.device\\n\\t\\t\\t}\\n\\t\\t}\\n\\t}\\n\\t"..., 4096) = 4096
23094      0.000109 read(4</usr/share/alsa/alsa.conf>, "p.device\\n\\t\\t}\\n\\t}\\n\\thint.descriptio"..., 4096) = 1657
23094      0.000054 read(4</usr/share/alsa/alsa.conf>, "", 4096) = 0
23094      0.000202 read(4</usr/share/alsa/alsa.conf.d/50-pulseaudio.conf>, "# Add a specific named PulseAudi"..., 4096) = 402
23094      0.000030 read(4</usr/share/alsa/alsa.conf.d/50-pulseaudio.conf>, "", 4096) = 0
23094      0.000049 read(4</etc/alsa/conf.d/99-pulseaudio-default.conf>, "# Default to PulseAudio\\n\\npcm.!de"..., 4096) = 201
23094      0.000021 read(4</etc/alsa/conf.d/99-pulseaudio-default.conf>, "", 4096) = 0
23094      0.000065 read(4</etc/asound.conf>, "#\\n# Place your global alsa-lib c"..., 4096) = 55
23094      0.000017 read(4</etc/asound.conf>, "", 4096) = 0
23094      0.000097 read(4</usr/lib64/alsa-lib/libasound_module_ctl_pulse.so>, "\\177ELF\\2\\1\\1\\0\\0\\0\\0\\0\\0\\0\\0\\0\\3\\0>\\0\\1\\0\\0\\0\\20(\\0\\0\\0\\0\\0\\0"..., 832) = 832
23094      0.000153 read(4</usr/lib64/libpulse.so.0.21.2>, "\\177ELF\\2\\1\\1\\0\\0\\0\\0\\0\\0\\0\\0\\0\\3\\0>\\0\\1\\0\\0\\0000\\357\\0\\0\\0\\0\\0\\0"..., 832) = 832
23094      0.000228 read(4</usr/lib64/pulseaudio/libpulsecommon-13.99.so>, "\\177ELF\\2\\1\\1\\0\\0\\0\\0\\0\\0\\0\\0\\0\\3\\0>\\0\\1\\0\\0\\0\\320\\235\\1\\0\\0\\0\\0\\0"..., 832) = 832
23094      0.000121 read(4</usr/lib64/libX11-xcb.so.1.0.0>, "\\177ELF\\2\\1\\1\\0\\0\\0\\0\\0\\0\\0\\0\\0\\3\\0>\\0\\1\\0\\0\\0P\\20\\0\\0\\0\\0\\0\\0"..., 832) = 832
23094      0.000115 read(4</usr/lib64/libX11.so.6.3.0>, "\\177ELF\\2\\1\\1\\0\\0\\0\\0\\0\\0\\0\\0\\0\\3\\0>\\0\\1\\0\\0\\0p\\23\\2\\0\\0\\0\\0\\0"..., 832) = 832
23094      0.000125 read(4</usr/lib64/libxcb.so.1.1.0>, "\\177ELF\\2\\1\\1\\0\\0\\0\\0\\0\\0\\0\\0\\0\\3\\0>\\0\\1\\0\\0\\0\\220\\315\\0\\0\\0\\0\\0\\0"..., 832) = 832
23094      0.000113 read(4</usr/lib64/libICE.so.6.3.0>, "\\177ELF\\2\\1\\1\\0\\0\\0\\0\\0\\0\\0\\0\\0\\3\\0>\\0\\1\\0\\0\\0Pa\\0\\0\\0\\0\\0\\0"..., 832) = 832
23094      0.000117 read(4</usr/lib64/libSM.so.6.0.1>, "\\177ELF\\2\\1\\1\\0\\0\\0\\0\\0\\0\\0\\0\\0\\3\\0>\\0\\1\\0\\0\\0\\260$\\0\\0\\0\\0\\0\\0"..., 832) = 832
23094      0.000106 read(4</usr/lib64/libXtst.so.6.1.0>, "\\177ELF\\2\\1\\1\\0\\0\\0\\0\\0\\0\\0\\0\\0\\3\\0>\\0\\1\\0\\0\\0\\260#\\0\\0\\0\\0\\0\\0"..., 832) = 832
23094      0.000121 read(4</usr/lib64/libsystemd.so.0.28.0>, "\\177ELF\\2\\1\\1\\0\\0\\0\\0\\0\\0\\0\\0\\0\\3\\0>\\0\\1\\0\\0\\0\\320B\\1\\0\\0\\0\\0\\0"..., 832) = 832
23094      0.000135 read(4</usr/lib64/libsndfile.so.1.0.28>, "\\177ELF\\2\\1\\1\\0\\0\\0\\0\\0\\0\\0\\0\\0\\3\\0>\\0\\1\\0\\0\\0\\20\\201\\0\\0\\0\\0\\0\\0"..., 832) = 832
23094      0.000117 read(4</usr/lib64/libasyncns.so.0.3.1>, "\\177ELF\\2\\1\\1\\0\\0\\0\\0\\0\\0\\0\\0\\0\\3\\0>\\0\\1\\0\\0\\0p$\\0\\0\\0\\0\\0\\0"..., 832) = 832
23094      0.000114 read(4</usr/lib64/libdbus-1.so.3.19.13>, "\\177ELF\\2\\1\\1\\0\\0\\0\\0\\0\\0\\0\\0\\0\\3\\0>\\0\\1\\0\\0\\0\\360\\n\\1\\0\\0\\0\\0\\0"..., 832) = 832
23094      0.000123 read(4</usr/lib64/libcap.so.2.26>, "\\177ELF\\2\\1\\1\\0\\0\\0\\0\\0\\0\\0\\0\\0\\3\\0>\\0\\1\\0\\0\\0\\360#\\0\\0\\0\\0\\0\\0"..., 832) = 832
23094      0.000123 read(4</usr/lib64/libXau.so.6.0.0>, "\\177ELF\\2\\1\\1\\0\\0\\0\\0\\0\\0\\0\\0\\0\\3\\0>\\0\\1\\0\\0\\0\\320\\23\\0\\0\\0\\0\\0\\0"..., 832) = 832
23094      0.000115 read(4</usr/lib64/libuuid.so.1.3.0>, "\\177ELF\\2\\1\\1\\0\\0\\0\\0\\0\\0\\0\\0\\0\\3\\0>\\0\\1\\0\\0\\0\\20&\\0\\0\\0\\0\\0\\0"..., 832) = 832
23094      0.000118 read(4</usr/lib64/libXext.so.6.4.0>, "\\177ELF\\2\\1\\1\\0\\0\\0\\0\\0\\0\\0\\0\\0\\3\\0>\\0\\1\\0\\0\\0pG\\0\\0\\0\\0\\0\\0"..., 832) = 832
23094      0.000110 read(4</usr/lib64/libXi.so.6.1.0>, "\\177ELF\\2\\1\\1\\0\\0\\0\\0\\0\\0\\0\\0\\0\\3\\0>\\0\\1\\0\\0\\0\\260$\\0\\0\\0\\0\\0\\0"..., 832) = 832
23094      0.000121 read(4</usr/lib64/liblzma.so.5.2.5>, "\\177ELF\\2\\1\\1\\0\\0\\0\\0\\0\\0\\0\\0\\0\\3\\0>\\0\\1\\0\\0\\0\\3609\\0\\0\\0\\0\\0\\0"..., 832) = 832
23094      0.000129 read(4</usr/lib64/liblz4.so.1.9.1>, "\\177ELF\\2\\1\\1\\0\\0\\0\\0\\0\\0\\0\\0\\0\\3\\0>\\0\\1\\0\\0\\0000%\\0\\0\\0\\0\\0\\0"..., 832) = 832
23094      0.000118 read(4</usr/lib64/libgcrypt.so.20.2.5>, "\\177ELF\\2\\1\\1\\0\\0\\0\\0\\0\\0\\0\\0\\0\\3\\0>\\0\\1\\0\\0\\0\\300\\305\\0\\0\\0\\0\\0\\0"..., 832) = 832
23094      0.000113 read(4</usr/lib64/libgcc_s-10-20200723.so.1>, "\\177ELF\\2\\1\\1\\0\\0\\0\\0\\0\\0\\0\\0\\0\\3\\0>\\0\\1\\0\\0\\0\\3605\\0\\0\\0\\0\\0\\0"..., 832) = 832
23094      0.000141 read(4</usr/lib64/libgsm.so.1.0.18>, "\\177ELF\\2\\1\\1\\0\\0\\0\\0\\0\\0\\0\\0\\0\\3\\0>\\0\\1\\0\\0\\0p#\\0\\0\\0\\0\\0\\0"..., 832) = 832
23094      0.000118 read(4</usr/lib64/libFLAC.so.8.3.0>, "\\177ELF\\2\\1\\1\\0\\0\\0\\0\\0\\0\\0\\0\\0\\3\\0>\\0\\1\\0\\0\\0\\260\\241\\0\\0\\0\\0\\0\\0"..., 832) = 832
23094      0.000110 read(4</usr/lib64/libogg.so.0.8.4>, "\\177ELF\\2\\1\\1\\0\\0\\0\\0\\0\\0\\0\\0\\0\\3\\0>\\0\\1\\0\\0\\0\\220$\\0\\0\\0\\0\\0\\0"..., 832) = 832
23094      0.000125 read(4</usr/lib64/libvorbis.so.0.4.8>, "\\177ELF\\2\\1\\1\\0\\0\\0\\0\\0\\0\\0\\0\\0\\3\\0>\\0\\1\\0\\0\\0\\320K\\0\\0\\0\\0\\0\\0"..., 832) = 832
23094      0.000122 read(4</usr/lib64/libvorbisenc.so.2.0.11>, "\\177ELF\\2\\1\\1\\0\\0\\0\\0\\0\\0\\0\\0\\0\\3\\0>\\0\\1\\0\\0\\0000A\\1\\0\\0\\0\\0\\0"..., 832) = 832
23094      0.000113 read(4</usr/lib64/libresolv-2.31.so>, "\\177ELF\\2\\1\\1\\0\\0\\0\\0\\0\\0\\0\\0\\0\\3\\0>\\0\\1\\0\\0\\0000G\\0\\0\\0\\0\\0\\0"..., 832) = 832
23094      0.000137 read(4</usr/lib64/libgpg-error.so.0.27.0>, "\\177ELF\\2\\1\\1\\0\\0\\0\\0\\0\\0\\0\\0\\0\\3\\0>\\0\\1\\0\\0\\0\\320L\\0\\0\\0\\0\\0\\0"..., 832) = 832
23094      0.002060 read(8</etc/pulse/client.conf>, "# This file is part of PulseAudi"..., 4096) = 1201
23094      0.000024 read(8</etc/pulse/client.conf>, "", 4096) = 0
23094      0.000128 read(8</dev/urandom>, "C\\200\\345\`", 4) = 4
23094      0.000132 clone(child_stack=0x7faaa57c2fb0, flags=CLONE_VM|CLONE_FS|CLONE_FILES|CLONE_SIGHAND|CLONE_THREAD|CLONE_SYSVSEM|CLONE_SETTLS|CLONE_PARENT_SETTID|CLONE_CHILD_CLEARTID, parent_tid=[23097], tls=0x7faaa57c3700, child_tidptr=0x7faaa57c39d0) = 23097
23094      0.000278 write(7<pipe:[145159]>, "W", 1) = 1
23094      0.000026 write(7<pipe:[145159]>, "W", 1) = 1
23097      0.000033 read(6<pipe:[145159]>, "WW", 10) = 2
23097      0.000092 write(7<pipe:[145159]>, "W", 1) = 1
23097      0.000023 write(7<pipe:[145159]>, "W", 1) = 1
23097      0.000087 read(10</home/quentin/.config/pulse/cookie>, "a\\372\\302\\315\\237_\\274h\\246L0\\3122:\\262\\247\\260\\t\\225\\344_|\\364\\346\\333g\\v\\273\\342\\4v\\327"..., 256) = 256
23097      0.000107 write(7<pipe:[145159]>, "W", 1) = 1
23097      0.000023 write(7<pipe:[145159]>, "W", 1) = 1
23097      0.000017 read(6<pipe:[145159]>, "WWWW", 10) = 4
23097      0.000019 read(6<pipe:[145159]>, 0x7faaa57c2c9e, 10) = -1 EAGAIN (Resource temporarily unavailable)
23097      0.000086 write(7<pipe:[145159]>, "W", 1) = 1
23097      0.000049 write(7<pipe:[145159]>, "W", 1) = 1
23097      0.000019 read(6<pipe:[145159]>, "WW", 10) = 2
23097      0.000027 write(7<pipe:[145159]>, "W", 1) = 1
23097      0.000030 read(6<pipe:[145159]>, "W", 10) = 1
23097      0.000105 write(7<pipe:[145159]>, "W", 1) = 1
23097      0.000032 write(7<pipe:[145159]>, "W", 1) = 1
23097      0.000018 read(6<pipe:[145159]>, "WW", 10) = 2
23097      0.000028 write(7<pipe:[145159]>, "W", 1) = 1
23097      0.000027 write(7<pipe:[145159]>, "W", 1) = 1
23097      0.000058 write(7<pipe:[145159]>, "W", 1) = 1
23097      0.000105 read(10</etc/machine-id>, "3482c01c583640d4a544cbf9485272bb"..., 4096) = 33
23097      0.000035 write(7<pipe:[145159]>, "W", 1) = 1
23097      0.000032 write(7<pipe:[145159]>, "W", 1) = 1
23097      0.000029 read(6<pipe:[145159]>, "WWWWW", 10) = 5
23097      0.000017 read(6<pipe:[145159]>, 0x7faaa57c2c9e, 10) = -1 EAGAIN (Resource temporarily unavailable)
23097      0.000028 write(7<pipe:[145159]>, "W", 1) = 1
23097      0.000028 write(7<pipe:[145159]>, "W", 1) = 1
23097      0.000041 read(6<pipe:[145159]>, "WW", 10) = 2
23097      0.000030 write(7<pipe:[145159]>, "W", 1) = 1
23097      0.000028 write(7<pipe:[145159]>, "W", 1) = 1
23097      0.000048 read(6<pipe:[145159]>, "WW", 10) = 2
23097      0.000026 write(7<pipe:[145159]>, "W", 1) = 1
23097      0.000027 write(7<pipe:[145159]>, "W", 1) = 1
23097      0.000017 read(6<pipe:[145159]>, "WW", 10) = 2
23097      0.000026 write(7<pipe:[145159]>, "W", 1) = 1
23097      0.000027 write(7<pipe:[145159]>, "W", 1) = 1
23097      0.000054 read(6<pipe:[145159]>, "WW", 10) = 2
23097      0.000029 write(7<pipe:[145159]>, "W", 1) = 1
23097      0.000028 write(7<pipe:[145159]>, "W", 1) = 1
23097      0.000017 read(6<pipe:[145159]>, "WW", 10) = 2
23097      0.000026 write(7<pipe:[145159]>, "W", 1) = 1
23097      0.000027 write(7<pipe:[145159]>, "W", 1) = 1
23097      0.000017 read(6<pipe:[145159]>, "WW", 10) = 2
23097      0.000026 write(7<pipe:[145159]>, "W", 1) = 1
23097      0.000026 write(7<pipe:[145159]>, "W", 1) = 1
23097      0.000016 read(6<pipe:[145159]>, "WW", 10) = 2
23097      0.000026 write(7<pipe:[145159]>, "W", 1) = 1
23097      0.000026 write(7<pipe:[145159]>, "W", 1) = 1
23097      0.000061 write(7<pipe:[145159]>, "W", 1) = 1
23097      0.000017 write(7<pipe:[145159]>, "W", 1) = 1
23097      0.000030 write(7<pipe:[145159]>, "W", 1) = 1
23097      0.000018 read(6<pipe:[145159]>, "WWWWW", 10) = 5
23097      0.000018 read(6<pipe:[145159]>, 0x7faaa57c2c9e, 10) = -1 EAGAIN (Resource temporarily unavailable)
23097      0.000028 write(7<pipe:[145159]>, "W", 1) = 1
23097      0.000027 write(7<pipe:[145159]>, "W", 1) = 1
23097      0.000017 read(6<pipe:[145159]>, "WW", 10) = 2
23097      0.000027 write(7<pipe:[145159]>, "W", 1) = 1
23097      0.000026 write(7<pipe:[145159]>, "W", 1) = 1
23097      0.000029 read(6<pipe:[145159]>, "WW", 10) = 2
23094      0.000059 write(7<pipe:[145159]>, "W", 1) = 1
23094      0.000020 write(7<pipe:[145159]>, "W", 1) = 1
23097      0.000039 write(8<anon_inode:[eventfd]>, "\\1\\0\\0\\0\\0\\0\\0\\0", 8) = 8
23097      0.000021 read(6<pipe:[145159]>, "WW", 10) = 2
23097      0.000039 read(10<anon_inode:[eventfd]>, "\\1\\0\\0\\0\\0\\0\\0\\0", 8) = 8
23097      0.000036 read(6<pipe:[145159]>, 0x7faaa57c2c9e, 10) = -1 EAGAIN (Resource temporarily unavailable)
23094      0.000039 write(7<pipe:[145159]>, "W", 1) = 1
23094      0.000020 write(7<pipe:[145159]>, "W", 1) = 1
23097      0.000028 write(8<anon_inode:[eventfd]>, "\\1\\0\\0\\0\\0\\0\\0\\0", 8) = 8
23097      0.000020 read(6<pipe:[145159]>, "WW", 10) = 2
23097      0.000037 read(10<anon_inode:[eventfd]>, "\\1\\0\\0\\0\\0\\0\\0\\0", 8) = 8
23097      0.000028 read(6<pipe:[145159]>, 0x7faaa57c2c9e, 10) = -1 EAGAIN (Resource temporarily unavailable)
23094      0.000060 write(7<pipe:[145159]>, "W", 1) = 1
23094      0.000022 write(7<pipe:[145159]>, "W", 1) = 1
23097      0.000028 write(8<anon_inode:[eventfd]>, "\\1\\0\\0\\0\\0\\0\\0\\0", 8) = 8
23097      0.000019 read(6<pipe:[145159]>, "WW", 10) = 2
23097      0.000040 read(10<anon_inode:[eventfd]>, "\\1\\0\\0\\0\\0\\0\\0\\0", 8) = 8
23097      0.000037 write(5<pipe:[145158]>, "x", 1) = 1
23097      0.000040 read(6<pipe:[145159]>, 0x7faaa57c2c9e, 10) = -1 EAGAIN (Resource temporarily unavailable)
23094      0.000040 write(7<pipe:[145159]>, "W", 1) = 1
23094      0.000020 write(7<pipe:[145159]>, "W", 1) = 1
23097      0.000028 write(8<anon_inode:[eventfd]>, "\\1\\0\\0\\0\\0\\0\\0\\0", 8) = 8
23097      0.000019 read(6<pipe:[145159]>, "WW", 10) = 2
23097      0.000039 read(10<anon_inode:[eventfd]>, "\\1\\0\\0\\0\\0\\0\\0\\0", 8) = 8
23097      0.000029 write(5<pipe:[145158]>, "x", 1) = 1
23097      0.000033 read(6<pipe:[145159]>, 0x7faaa57c2c9e, 10) = -1 EAGAIN (Resource temporarily unavailable)
23094      0.000053 write(7<pipe:[145159]>, "W", 1) = 1
23094      0.000020 write(7<pipe:[145159]>, "W", 1) = 1
23097      0.000028 write(8<anon_inode:[eventfd]>, "\\1\\0\\0\\0\\0\\0\\0\\0", 8) = 8
23097      0.000019 read(6<pipe:[145159]>, "WW", 10) = 2
23097      0.000039 read(10<anon_inode:[eventfd]>, "\\1\\0\\0\\0\\0\\0\\0\\0", 8) = 8
23097      0.000047 read(6<pipe:[145159]>, 0x7faaa57c2c9e, 10) = -1 EAGAIN (Resource temporarily unavailable)
23094      0.000037 write(7<pipe:[145159]>, "W", 1) = 1
23094      0.000018 write(7<pipe:[145159]>, "W", 1) = 1
23097      0.000028 write(8<anon_inode:[eventfd]>, "\\1\\0\\0\\0\\0\\0\\0\\0", 8) = 8
23097      0.000019 read(6<pipe:[145159]>, "WW", 10) = 2
23097      0.000039 read(10<anon_inode:[eventfd]>, "\\1\\0\\0\\0\\0\\0\\0\\0", 8) = 8
23097      0.000044 read(6<pipe:[145159]>, 0x7faaa57c2c9e, 10) = -1 EAGAIN (Resource temporarily unavailable)
23094      0.000047 write(7<pipe:[145159]>, "W", 1) = 1
23094      0.000018 write(7<pipe:[145159]>, "W", 1) = 1
23097      0.000028 write(8<anon_inode:[eventfd]>, "\\1\\0\\0\\0\\0\\0\\0\\0", 8) = 8
23097      0.000019 read(6<pipe:[145159]>, "WW", 10) = 2
23097      0.000037 read(10<anon_inode:[eventfd]>, "\\1\\0\\0\\0\\0\\0\\0\\0", 8) = 8
23097      0.000049 read(6<pipe:[145159]>, 0x7faaa57c2c9e, 10) = -1 EAGAIN (Resource temporarily unavailable)
23094      0.000039 write(7<pipe:[145159]>, "W", 1) = 1
23094      0.000018 write(7<pipe:[145159]>, "W", 1) = 1
23097      0.000028 write(8<anon_inode:[eventfd]>, "\\1\\0\\0\\0\\0\\0\\0\\0", 8) = 8
23097      0.000019 read(6<pipe:[145159]>, "WW", 10) = 2
23097      0.000039 read(10<anon_inode:[eventfd]>, "\\1\\0\\0\\0\\0\\0\\0\\0", 8) = 8
23097      0.000045 read(6<pipe:[145159]>, 0x7faaa57c2c9e, 10) = -1 EAGAIN (Resource temporarily unavailable)
23094      0.000049 write(7<pipe:[145159]>, "W", 1) = 1
23094      0.000018 write(7<pipe:[145159]>, "W", 1) = 1
23097      0.000028 write(8<anon_inode:[eventfd]>, "\\1\\0\\0\\0\\0\\0\\0\\0", 8) = 8
23097      0.000019 read(6<pipe:[145159]>, "WW", 10) = 2
23097      0.000038 read(10<anon_inode:[eventfd]>, "\\1\\0\\0\\0\\0\\0\\0\\0", 8) = 8
23097      0.000043 read(6<pipe:[145159]>, 0x7faaa57c2c9e, 10) = -1 EAGAIN (Resource temporarily unavailable)
23094      0.000037 write(7<pipe:[145159]>, "W", 1) = 1
23094      0.000018 write(7<pipe:[145159]>, "W", 1) = 1
23097      0.000028 write(8<anon_inode:[eventfd]>, "\\1\\0\\0\\0\\0\\0\\0\\0", 8) = 8
23097      0.000019 read(6<pipe:[145159]>, "WW", 10) = 2
23097      0.000038 read(10<anon_inode:[eventfd]>, "\\1\\0\\0\\0\\0\\0\\0\\0", 8) = 8
23097      0.000045 read(6<pipe:[145159]>, 0x7faaa57c2c9e, 10) = -1 EAGAIN (Resource temporarily unavailable)
23094      0.000049 write(7<pipe:[145159]>, "W", 1) = 1
23094      0.000018 write(7<pipe:[145159]>, "W", 1) = 1
23097      0.000028 write(8<anon_inode:[eventfd]>, "\\1\\0\\0\\0\\0\\0\\0\\0", 8) = 8
23097      0.000019 read(6<pipe:[145159]>, "WW", 10) = 2
23097      0.000037 read(10<anon_inode:[eventfd]>, "\\1\\0\\0\\0\\0\\0\\0\\0", 8) = 8
23097      0.000045 read(6<pipe:[145159]>, 0x7faaa57c2c9e, 10) = -1 EAGAIN (Resource temporarily unavailable)
23094      0.000037 write(7<pipe:[145159]>, "W", 1) = 1
23094      0.000018 write(7<pipe:[145159]>, "W", 1) = 1
23097      0.000028 write(8<anon_inode:[eventfd]>, "\\1\\0\\0\\0\\0\\0\\0\\0", 8) = 8
23097      0.000019 read(6<pipe:[145159]>, "WW", 10) = 2
23097      0.000038 read(10<anon_inode:[eventfd]>, "\\1\\0\\0\\0\\0\\0\\0\\0", 8) = 8
23097      0.000049 read(6<pipe:[145159]>, 0x7faaa57c2c9e, 10) = -1 EAGAIN (Resource temporarily unavailable)
23094      0.000055 write(7<pipe:[145159]>, "W", 1) = 1
23094      0.000020 write(7<pipe:[145159]>, "W", 1) = 1
23097      0.000029 write(8<anon_inode:[eventfd]>, "\\1\\0\\0\\0\\0\\0\\0\\0", 8) = 8
23097      0.000020 read(6<pipe:[145159]>, "WW", 10) = 2
23097      0.000039 read(10<anon_inode:[eventfd]>, "\\1\\0\\0\\0\\0\\0\\0\\0", 8) = 8
23097      0.000045 read(6<pipe:[145159]>, 0x7faaa57c2c9e, 10) = -1 EAGAIN (Resource temporarily unavailable)
23094      0.000037 write(7<pipe:[145159]>, "W", 1) = 1
23094      0.000020 write(7<pipe:[145159]>, "W", 1) = 1
23097      0.000028 write(8<anon_inode:[eventfd]>, "\\1\\0\\0\\0\\0\\0\\0\\0", 8) = 8
23097      0.000019 read(6<pipe:[145159]>, "WW", 10) = 2
23097      0.000037 read(10<anon_inode:[eventfd]>, "\\1\\0\\0\\0\\0\\0\\0\\0", 8) = 8
23097      0.000042 read(6<pipe:[145159]>, 0x7faaa57c2c9e, 10) = -1 EAGAIN (Resource temporarily unavailable)
23094      0.000047 write(7<pipe:[145159]>, "W", 1) = 1
23094      0.000018 write(7<pipe:[145159]>, "W", 1) = 1
23097      0.000028 write(8<anon_inode:[eventfd]>, "\\1\\0\\0\\0\\0\\0\\0\\0", 8) = 8
23097      0.000019 read(6<pipe:[145159]>, "WW", 10) = 2
23097      0.000039 read(10<anon_inode:[eventfd]>, "\\1\\0\\0\\0\\0\\0\\0\\0", 8) = 8
23097      0.000044 read(6<pipe:[145159]>, 0x7faaa57c2c9e, 10) = -1 EAGAIN (Resource temporarily unavailable)
23094      0.000037 write(7<pipe:[145159]>, "W", 1) = 1
23094      0.000020 write(7<pipe:[145159]>, "W", 1) = 1
23097      0.000028 write(8<anon_inode:[eventfd]>, "\\1\\0\\0\\0\\0\\0\\0\\0", 8) = 8
23097      0.000019 read(6<pipe:[145159]>, "WW", 10) = 2
23097      0.000038 read(10<anon_inode:[eventfd]>, "\\1\\0\\0\\0\\0\\0\\0\\0", 8) = 8
23097      0.000042 read(6<pipe:[145159]>, 0x7faaa57c2c9e, 10) = -1 EAGAIN (Resource temporarily unavailable)
23094      0.000047 write(7<pipe:[145159]>, "W", 1) = 1
23094      0.000020 write(7<pipe:[145159]>, "W", 1) = 1
23097      0.000028 write(8<anon_inode:[eventfd]>, "\\1\\0\\0\\0\\0\\0\\0\\0", 8) = 8
23097      0.000019 read(6<pipe:[145159]>, "WW", 10) = 2
23097      0.000037 read(10<anon_inode:[eventfd]>, "\\1\\0\\0\\0\\0\\0\\0\\0", 8) = 8
23097      0.000043 read(6<pipe:[145159]>, 0x7faaa57c2c9e, 10) = -1 EAGAIN (Resource temporarily unavailable)
23094      0.000044 write(7<pipe:[145159]>, "W", 1) = 1
23094      0.000021 write(7<pipe:[145159]>, "W", 1) = 1
23097      0.000028 write(8<anon_inode:[eventfd]>, "\\1\\0\\0\\0\\0\\0\\0\\0", 8) = 8
23097      0.000019 read(6<pipe:[145159]>, "WW", 10) = 2
23097      0.000038 read(10<anon_inode:[eventfd]>, "\\1\\0\\0\\0\\0\\0\\0\\0", 8) = 8
23097      0.000044 read(6<pipe:[145159]>, 0x7faaa57c2c9e, 10) = -1 EAGAIN (Resource temporarily unavailable)
23094      0.000048 write(7<pipe:[145159]>, "W", 1) = 1
23094      0.000018 write(7<pipe:[145159]>, "W", 1) = 1
23097      0.000028 write(8<anon_inode:[eventfd]>, "\\1\\0\\0\\0\\0\\0\\0\\0", 8) = 8
23097      0.000020 read(6<pipe:[145159]>, "WW", 10) = 2
23097      0.000046 read(10<anon_inode:[eventfd]>, "\\1\\0\\0\\0\\0\\0\\0\\0", 8) = 8
23097      0.000053 read(6<pipe:[145159]>, 0x7faaa57c2c9e, 10) = -1 EAGAIN (Resource temporarily unavailable)
23094      0.000051 write(7<pipe:[145159]>, "W", 1) = 1
23094      0.000030 write(7<pipe:[145159]>, "W", 1) = 1
23097      0.000040 write(8<anon_inode:[eventfd]>, "\\1\\0\\0\\0\\0\\0\\0\\0", 8) = 8
23097      0.000023 read(6<pipe:[145159]>, "WW", 10) = 2
23097      0.000039 read(10<anon_inode:[eventfd]>, "\\1\\0\\0\\0\\0\\0\\0\\0", 8) = 8
23097      0.000042 read(6<pipe:[145159]>, 0x7faaa57c2c9e, 10) = -1 EAGAIN (Resource temporarily unavailable)
23094      0.000055 write(7<pipe:[145159]>, "W", 1) = 1
23094      0.000020 write(7<pipe:[145159]>, "W", 1) = 1
23097      0.000028 write(8<anon_inode:[eventfd]>, "\\1\\0\\0\\0\\0\\0\\0\\0", 8) = 8
23097      0.000019 read(6<pipe:[145159]>, "WW", 10) = 2
23097      0.000038 read(10<anon_inode:[eventfd]>, "\\1\\0\\0\\0\\0\\0\\0\\0", 8) = 8
23097      0.000046 read(6<pipe:[145159]>, 0x7faaa57c2c9e, 10) = -1 EAGAIN (Resource temporarily unavailable)
23094      0.000038 write(7<pipe:[145159]>, "W", 1) = 1
23094      0.000018 write(7<pipe:[145159]>, "W", 1) = 1
23097      0.000031 write(8<anon_inode:[eventfd]>, "\\1\\0\\0\\0\\0\\0\\0\\0", 8) = 8
23097      0.000019 read(6<pipe:[145159]>, "WW", 10) = 2
23097      0.000037 read(10<anon_inode:[eventfd]>, "\\1\\0\\0\\0\\0\\0\\0\\0", 8) = 8
23097      0.000048 read(6<pipe:[145159]>, 0x7faaa57c2c9e, 10) = -1 EAGAIN (Resource temporarily unavailable)
23094      0.000049 write(7<pipe:[145159]>, "W", 1) = 1
23094      0.000020 write(7<pipe:[145159]>, "W", 1) = 1
23097      0.000028 write(8<anon_inode:[eventfd]>, "\\1\\0\\0\\0\\0\\0\\0\\0", 8) = 8
23097      0.000019 read(6<pipe:[145159]>, "WW", 10) = 2
23097      0.000038 read(10<anon_inode:[eventfd]>, "\\1\\0\\0\\0\\0\\0\\0\\0", 8) = 8
23097      0.000042 read(6<pipe:[145159]>, 0x7faaa57c2c9e, 10) = -1 EAGAIN (Resource temporarily unavailable)
23094      0.000038 write(7<pipe:[145159]>, "W", 1) = 1
23094      0.000020 write(7<pipe:[145159]>, "W", 1) = 1
23097      0.000028 write(8<anon_inode:[eventfd]>, "\\1\\0\\0\\0\\0\\0\\0\\0", 8) = 8
23097      0.000019 read(6<pipe:[145159]>, "WW", 10) = 2
23097      0.000037 read(10<anon_inode:[eventfd]>, "\\1\\0\\0\\0\\0\\0\\0\\0", 8) = 8
23097      0.000041 read(6<pipe:[145159]>, 0x7faaa57c2c9e, 10) = -1 EAGAIN (Resource temporarily unavailable)
23094      0.000048 write(7<pipe:[145159]>, "W", 1) = 1
23094      0.000018 write(7<pipe:[145159]>, "W", 1) = 1
23097      0.000028 write(8<anon_inode:[eventfd]>, "\\1\\0\\0\\0\\0\\0\\0\\0", 8) = 8
23097      0.000019 read(6<pipe:[145159]>, "WW", 10) = 2
23097      0.000038 read(10<anon_inode:[eventfd]>, "\\1\\0\\0\\0\\0\\0\\0\\0", 8) = 8
23097      0.000042 read(6<pipe:[145159]>, 0x7faaa57c2c9e, 10) = -1 EAGAIN (Resource temporarily unavailable)
23094      0.000037 write(7<pipe:[145159]>, "W", 1) = 1
23094      0.000018 write(7<pipe:[145159]>, "W", 1) = 1
23097      0.000028 write(8<anon_inode:[eventfd]>, "\\1\\0\\0\\0\\0\\0\\0\\0", 8) = 8
23097      0.000019 read(6<pipe:[145159]>, "WW", 10) = 2
23097      0.000037 read(10<anon_inode:[eventfd]>, "\\1\\0\\0\\0\\0\\0\\0\\0", 8) = 8
23097      0.000042 read(6<pipe:[145159]>, 0x7faaa57c2c9e, 10) = -1 EAGAIN (Resource temporarily unavailable)
23094      0.000049 write(7<pipe:[145159]>, "W", 1) = 1
23094      0.000018 write(7<pipe:[145159]>, "W", 1) = 1
23097      0.000028 write(8<anon_inode:[eventfd]>, "\\1\\0\\0\\0\\0\\0\\0\\0", 8) = 8
23097      0.000019 read(6<pipe:[145159]>, "WW", 10) = 2
23097      0.000037 read(10<anon_inode:[eventfd]>, "\\1\\0\\0\\0\\0\\0\\0\\0", 8) = 8
23097      0.000043 read(6<pipe:[145159]>, 0x7faaa57c2c9e, 10) = -1 EAGAIN (Resource temporarily unavailable)
23094      0.000045 write(7<pipe:[145159]>, "W", 1) = 1
23094      0.000019 write(7<pipe:[145159]>, "W", 1) = 1
23097      0.000028 write(8<anon_inode:[eventfd]>, "\\1\\0\\0\\0\\0\\0\\0\\0", 8) = 8
23097      0.000019 read(6<pipe:[145159]>, "WW", 10) = 2
23097      0.000038 read(10<anon_inode:[eventfd]>, "\\1\\0\\0\\0\\0\\0\\0\\0", 8) = 8
23097      0.000042 read(6<pipe:[145159]>, 0x7faaa57c2c9e, 10) = -1 EAGAIN (Resource temporarily unavailable)
23094      0.000047 write(7<pipe:[145159]>, "W", 1) = 1
23094      0.000018 write(7<pipe:[145159]>, "W", 1) = 1
23097      0.000028 write(8<anon_inode:[eventfd]>, "\\1\\0\\0\\0\\0\\0\\0\\0", 8) = 8
23097      0.000019 read(6<pipe:[145159]>, "WW", 10) = 2
23097      0.000037 read(10<anon_inode:[eventfd]>, "\\1\\0\\0\\0\\0\\0\\0\\0", 8) = 8
23097      0.000042 read(6<pipe:[145159]>, 0x7faaa57c2c9e, 10) = -1 EAGAIN (Resource temporarily unavailable)
23094      0.000037 write(7<pipe:[145159]>, "W", 1) = 1
23094      0.000018 write(7<pipe:[145159]>, "W", 1) = 1
23097      0.000028 write(8<anon_inode:[eventfd]>, "\\1\\0\\0\\0\\0\\0\\0\\0", 8) = 8
23097      0.000019 read(6<pipe:[145159]>, "WW", 10) = 2
23097      0.000037 read(10<anon_inode:[eventfd]>, "\\1\\0\\0\\0\\0\\0\\0\\0", 8) = 8
23097      0.000042 read(6<pipe:[145159]>, 0x7faaa57c2c9e, 10) = -1 EAGAIN (Resource temporarily unavailable)
23094      0.000047 write(7<pipe:[145159]>, "W", 1) = 1
23094      0.000020 write(7<pipe:[145159]>, "W", 1) = 1
23097      0.000028 write(8<anon_inode:[eventfd]>, "\\1\\0\\0\\0\\0\\0\\0\\0", 8) = 8
23097      0.000019 read(6<pipe:[145159]>, "WW", 10) = 2
23097      0.000037 read(10<anon_inode:[eventfd]>, "\\1\\0\\0\\0\\0\\0\\0\\0", 8) = 8
23097      0.000045 read(6<pipe:[145159]>, 0x7faaa57c2c9e, 10) = -1 EAGAIN (Resource temporarily unavailable)
23094      0.000037 write(7<pipe:[145159]>, "W", 1) = 1
23094      0.000019 write(7<pipe:[145159]>, "W", 1) = 1
23097      0.000028 write(8<anon_inode:[eventfd]>, "\\1\\0\\0\\0\\0\\0\\0\\0", 8) = 8
23097      0.000019 read(6<pipe:[145159]>, "WW", 10) = 2
23097      0.000037 read(10<anon_inode:[eventfd]>, "\\1\\0\\0\\0\\0\\0\\0\\0", 8) = 8
23097      0.000042 read(6<pipe:[145159]>, 0x7faaa57c2c9e, 10) = -1 EAGAIN (Resource temporarily unavailable)
23094      0.000046 write(7<pipe:[145159]>, "W", 1) = 1
23094      0.000029 write(7<pipe:[145159]>, "W", 1) = 1
23097      0.000029 write(8<anon_inode:[eventfd]>, "\\1\\0\\0\\0\\0\\0\\0\\0", 8) = 8
23097      0.000020 read(6<pipe:[145159]>, "WW", 10) = 2
23097      0.000038 read(10<anon_inode:[eventfd]>, "\\1\\0\\0\\0\\0\\0\\0\\0", 8) = 8
23097      0.000041 read(6<pipe:[145159]>, 0x7faaa57c2c9e, 10) = -1 EAGAIN (Resource temporarily unavailable)
23094      0.000037 write(7<pipe:[145159]>, "W", 1) = 1
23094      0.000018 write(7<pipe:[145159]>, "W", 1) = 1
23097      0.000028 write(8<anon_inode:[eventfd]>, "\\1\\0\\0\\0\\0\\0\\0\\0", 8) = 8
23097      0.000019 read(6<pipe:[145159]>, "WW", 10) = 2
23097      0.000037 read(10<anon_inode:[eventfd]>, "\\1\\0\\0\\0\\0\\0\\0\\0", 8) = 8
23097      0.000041 read(6<pipe:[145159]>, 0x7faaa57c2c9e, 10) = -1 EAGAIN (Resource temporarily unavailable)
23094      0.000066 write(7<pipe:[145159]>, "W", 1) = 1
23094      0.000018 write(7<pipe:[145159]>, "W", 1) = 1
23097      0.000028 write(8<anon_inode:[eventfd]>, "\\1\\0\\0\\0\\0\\0\\0\\0", 8) = 8
23097      0.000019 read(6<pipe:[145159]>, "WW", 10) = 2
23097      0.000037 read(10<anon_inode:[eventfd]>, "\\1\\0\\0\\0\\0\\0\\0\\0", 8) = 8
23097      0.000041 read(6<pipe:[145159]>, 0x7faaa57c2c9e, 10) = -1 EAGAIN (Resource temporarily unavailable)
23094      0.000037 write(7<pipe:[145159]>, "W", 1) = 1
23094      0.000020 write(7<pipe:[145159]>, "W", 1) = 1
23097      0.000028 write(8<anon_inode:[eventfd]>, "\\1\\0\\0\\0\\0\\0\\0\\0", 8) = 8
23097      0.000019 read(6<pipe:[145159]>, "WW", 10) = 2
23097      0.000038 read(10<anon_inode:[eventfd]>, "\\1\\0\\0\\0\\0\\0\\0\\0", 8) = 8
23097      0.000042 read(6<pipe:[145159]>, 0x7faaa57c2c9e, 10) = -1 EAGAIN (Resource temporarily unavailable)
23094      0.000040 write(7<pipe:[145159]>, "W", 1) = 1
23097      0.000066 +++ exited with 0 +++
23094      0.000018 write(5<pipe:[145158]>, "x", 1) = 1
23094      0.000021 write(7<pipe:[145159]>, "W", 1) = 1
23094      0.000126 write(7<pipe:[145159]>, "W", 1) = 1
23094      0.000150 write(1<pipe:[146135]>, "Simple mixer control 'Master',0\\n"..., 245) = 245
23095      0.000018 <... read resumed>"Simple mixer control 'Master',0\\n"..., 4096) = 245
23095      0.000084 write(1<pipe:[146136]>, "90 false\\n", 9) = 9
23096      0.000018 <... read resumed>"9", 1) = 1
23096      0.000011 read(0<pipe:[146136]>, "0", 1) = 1
23096      0.000020 read(0<pipe:[146136]>, " ", 1) = 1
23096      0.000018 read(0<pipe:[146136]>, "f", 1) = 1
23096      0.000016 read(0<pipe:[146136]>, "a", 1) = 1
23096      0.000018 read(0<pipe:[146136]>, "l", 1) = 1
23096      0.000017 read(0<pipe:[146136]>,  <unfinished ...>
23094      0.000008 +++ exited with 0 +++
23096      0.000002 <... read resumed>"s", 1) = 1
23096      0.000008 read(0<pipe:[146136]>, "e", 1) = 1
23096      0.000015 read(0<pipe:[146136]>, "\\n", 1) = 1
23095      0.000024 +++ exited with 0 +++
23096      0.000053 write(1<pipe:[141020]>, "vol: ", 5 <unfinished ...>
23063      0.000022 <... read resumed>"vol: ", 128) = 5
23096      0.000014 <... write resumed>) = 5
23063      0.000010 read(4<pipe:[141020]>,  <unfinished ...>
23096      0.000041 write(1<pipe:[141020]>, "\\33[0;33m90%\\33[0m", 14 <unfinished ...>
23063      0.000014 <... read resumed>"\\33[0;33m90%\\33[0m", 128) = 14
23096      0.000004 <... write resumed>) = 14
23063      0.000003 read(4<pipe:[141020]>,  <unfinished ...>
23096      0.000102 +++ exited with 0 +++
23093      0.000059 --- SIGCHLD {si_signo=SIGCHLD, si_code=CLD_EXITED, si_pid=23094, si_uid=1000, si_status=0, si_utime=0, si_stime=0} ---
23063      0.000139 <... read resumed>"", 128) = 0
23093      0.000003 +++ exited with 0 +++
23063      0.000003 --- SIGCHLD {si_signo=SIGCHLD, si_code=CLD_EXITED, si_pid=23093, si_uid=1000, si_status=0, si_utime=0, si_stime=0} ---
23063      0.000235 clone(child_stack=NULL, flags=CLONE_CHILD_CLEARTID|CLONE_CHILD_SETTID|SIGCHLD, child_tidptr=0x7fcb0bab2a10) = 23098
23063      0.000108 read(4<pipe:[141044]>,  <unfinished ...>
23098      0.000301 read(0</sys/devices/LNXSYSTM:00/LNXSYBUS:00/PNP0A08:00/device:19/PNP0C09:00/PNP0C0A:00/power_supply/BAT0/status>, "Discharging\\n", 128) = 12
23098      0.003649 read(0</sys/devices/LNXSYSTM:00/LNXSYBUS:00/PNP0A08:00/device:19/PNP0C09:00/PNP0C0A:00/power_supply/BAT0/capacity>, "84\\n", 128) = 3
23098      0.000071 write(1<pipe:[141044]>, "bat: ", 5) = 5
23063      0.000018 <... read resumed>"bat: ", 128) = 5
23063      0.000010 read(4<pipe:[141044]>,  <unfinished ...>
23098      0.000071 write(1<pipe:[141044]>, "\\33[0;32m84%\\33[0m", 14 <unfinished ...>
23063      0.000012 <... read resumed>"\\33[0;32m84%\\33[0m", 128) = 14
23098      0.000004 <... write resumed>) = 14
23063      0.000003 read(4<pipe:[141044]>, "", 128) = 0
23098      0.000087 +++ exited with 0 +++
23063      0.000002 --- SIGCHLD {si_signo=SIGCHLD, si_code=CLD_EXITED, si_pid=23098, si_uid=1000, si_status=0, si_utime=0, si_stime=0} ---
23063      0.000206 clone(child_stack=NULL, flags=CLONE_CHILD_CLEARTID|CLONE_CHILD_SETTID|SIGCHLD, child_tidptr=0x7fcb0bab2a10) = 23099
23063      0.000086 read(4<pipe:[141045]>,  <unfinished ...>
23099      0.000219 write(1<pipe:[141045]>, "home: ", 6 <unfinished ...>
23063      0.000018 <... read resumed>"home: ", 128) = 6
23099      0.000004 <... write resumed>) = 6
23063      0.000003 read(4<pipe:[141045]>,  <unfinished ...>
23099      0.000039 clone(child_stack=NULL, flags=CLONE_CHILD_CLEARTID|CLONE_CHILD_SETTID|SIGCHLD, child_tidptr=0x7fcb0bab2a10) = 23100
23099      0.000122 clone(child_stack=NULL, flags=CLONE_CHILD_CLEARTID|CLONE_CHILD_SETTID|SIGCHLD, child_tidptr=0x7fcb0bab2a10) = 23101
23101      0.000258 read(0<pipe:[146137]>,  <unfinished ...>
23100      0.000183 execve("/usr/bin/df", ["df", "/home", "-h", "--output=used,size,pcent"], 0x55ab89de02e0 /* 93 vars */) = 0
23100      0.000262 read(4</usr/lib64/libc-2.31.so>, "\\177ELF\\2\\1\\1\\3\\0\\0\\0\\0\\0\\0\\0\\0\\3\\0>\\0\\1\\0\\0\\0\\200q\\2\\0\\0\\0\\0\\0"..., 832) = 832
23100      0.000476 read(4</usr/share/locale/locale.alias>, "# Locale name alias data base.\\n#"..., 4096) = 2998
23100      0.000030 read(4</usr/share/locale/locale.alias>, "", 4096) = 0
23100      0.000155 read(4</proc/23100/mountinfo>, "23 65 0:22 / /sys rw,nosuid,node"..., 1024) = 1024
23100      0.000053 read(4</proc/23100/mountinfo>, "e rw,mode=700\\n60 23 0:31 / /sys/"..., 1024) = 1024
23100      0.000048 read(4</proc/23100/mountinfo>, "binfmt_misc rw,nosuid,nodev,noex"..., 1024) = 762
23100      0.000038 read(4</proc/23100/mountinfo>, "", 1024) = 0
23100      0.000159 write(1<pipe:[146137]>, " Used  Size Use%\\n  37G  157G  25"..., 34 <unfinished ...>
23101      0.000015 <... read resumed>" ", 1) = 1
23100      0.000004 <... write resumed>) = 34
23101      0.000003 read(0<pipe:[146137]>, "U", 1) = 1
23101      0.000017 read(0<pipe:[146137]>, "s", 1) = 1
23101      0.000017 read(0<pipe:[146137]>, "e", 1) = 1
23101      0.000014 read(0<pipe:[146137]>, "d", 1) = 1
23101      0.000017 read(0<pipe:[146137]>, " ", 1) = 1
23101      0.000017 read(0<pipe:[146137]>, " ", 1) = 1
23100      0.000015 +++ exited with 0 +++
23101      0.000003 read(0<pipe:[146137]>, "S", 1) = 1
23101      0.000019 read(0<pipe:[146137]>, "i", 1) = 1
23101      0.000017 read(0<pipe:[146137]>, "z", 1) = 1
23101      0.000016 read(0<pipe:[146137]>, "e", 1) = 1
23101      0.000016 read(0<pipe:[146137]>, " ", 1) = 1
23101      0.000016 read(0<pipe:[146137]>, "U", 1) = 1
23101      0.000016 read(0<pipe:[146137]>, "s", 1) = 1
23101      0.000016 read(0<pipe:[146137]>, "e", 1) = 1
23101      0.000016 read(0<pipe:[146137]>, "%", 1) = 1
23101      0.000016 read(0<pipe:[146137]>, "\\n", 1) = 1
23101      0.000061 read(0<pipe:[146137]>, " ", 1) = 1
23101      0.000017 read(0<pipe:[146137]>, " ", 1) = 1
23101      0.000016 read(0<pipe:[146137]>, "3", 1) = 1
23101      0.000016 read(0<pipe:[146137]>, "7", 1) = 1
23101      0.000016 read(0<pipe:[146137]>, "G", 1) = 1
23101      0.000016 read(0<pipe:[146137]>, " ", 1) = 1
23101      0.000016 read(0<pipe:[146137]>, " ", 1) = 1
23101      0.000016 read(0<pipe:[146137]>, "1", 1) = 1
23101      0.000016 read(0<pipe:[146137]>, "5", 1) = 1
23101      0.000016 read(0<pipe:[146137]>, "7", 1) = 1
23101      0.000016 read(0<pipe:[146137]>, "G", 1) = 1
23101      0.000016 read(0<pipe:[146137]>, " ", 1) = 1
23101      0.000016 read(0<pipe:[146137]>, " ", 1) = 1
23101      0.000016 read(0<pipe:[146137]>, "2", 1) = 1
23101      0.000016 read(0<pipe:[146137]>, "5", 1) = 1
23101      0.000016 read(0<pipe:[146137]>, "%", 1) = 1
23101      0.000016 read(0<pipe:[146137]>, "\\n", 1) = 1
23101      0.000129 write(1<pipe:[141045]>, "\\33[0;37m37G/157G\\33[0m", 19 <unfinished ...>
23063      0.000019 <... read resumed>"\\33[0;37m37G/157G\\33[0m", 128) = 19
23101      0.000011 <... write resumed>) = 19
23063      0.000004 read(4<pipe:[141045]>,  <unfinished ...>
23101      0.000089 +++ exited with 0 +++
23099      0.000062 --- SIGCHLD {si_signo=SIGCHLD, si_code=CLD_EXITED, si_pid=23100, si_uid=1000, si_status=0, si_utime=0, si_stime=0} ---
23063      0.000115 <... read resumed>"", 128) = 0
23099      0.000003 +++ exited with 0 +++
23063      0.000002 --- SIGCHLD {si_signo=SIGCHLD, si_code=CLD_EXITED, si_pid=23099, si_uid=1000, si_status=0, si_utime=0, si_stime=0} ---
23063      0.000215 clone(child_stack=NULL, flags=CLONE_CHILD_CLEARTID|CLONE_CHILD_SETTID|SIGCHLD, child_tidptr=0x7fcb0bab2a10) = 23102
23063      0.000108 read(4<pipe:[141054]>,  <unfinished ...>
23102      0.000462 clone(child_stack=NULL, flags=CLONE_CHILD_CLEARTID|CLONE_CHILD_SETTID|SIGCHLD, child_tidptr=0x7fcb0bab2a10) = 23103
23103      0.000150 execve("/usr/bin/date", ["date", "+%H:%M:%S %d/%m/%Y"], 0x55ab89de02e0 /* 93 vars */) = 0
23103      0.000243 read(4</usr/lib64/libc-2.31.so>, "\\177ELF\\2\\1\\1\\3\\0\\0\\0\\0\\0\\0\\0\\0\\3\\0>\\0\\1\\0\\0\\0\\200q\\2\\0\\0\\0\\0\\0"..., 832) = 832
23103      0.000452 read(4</usr/share/zoneinfo/Europe/Paris>, "TZif2\\0\\0\\0\\0\\0\\0\\0\\0\\0\\0\\0\\0\\0\\0\\0\\0\\0\\0\\r\\0\\0\\0\\r\\0\\0\\0\\0"..., 4096) = 2962
23103      0.000030 read(4</usr/share/zoneinfo/Europe/Paris>, "TZif2\\0\\0\\0\\0\\0\\0\\0\\0\\0\\0\\0\\0\\0\\0\\0\\0\\0\\0\\r\\0\\0\\0\\r\\0\\0\\0\\0"..., 4096) = 1863
23103      0.000044 write(1<pipe:[141054]>, "15:18:23 04/10/2020\\n", 20 <unfinished ...>
23063      0.000016 <... read resumed>"15:18:23 04/10/2020\\n", 128) = 20
23103      0.000005 <... write resumed>) = 20
23063      0.000004 read(4<pipe:[141054]>,  <unfinished ...>
23103      0.000073 +++ exited with 0 +++
23102      0.000032 --- SIGCHLD {si_signo=SIGCHLD, si_code=CLD_EXITED, si_pid=23103, si_uid=1000, si_status=0, si_utime=0, si_stime=0} ---
23063      0.000119 <... read resumed>"", 128) = 0
23102      0.000003 +++ exited with 0 +++
23063      0.000003 --- SIGCHLD {si_signo=SIGCHLD, si_code=CLD_EXITED, si_pid=23102, si_uid=1000, si_status=0, si_utime=0, si_stime=0} ---
23063      0.000172 write(1</dev/pts/1>, "MainThread: \\33[0;33m13%\\33[0m\\n", 27) = 27
23063      0.000045 write(1</dev/pts/1>, "Robert77_5G\\n", 12) = 12
23063      0.000020 write(1</dev/pts/1>, "wifi: \\33[0;32m95%\\33[0m\\n", 21) = 21
23063      0.000021 write(1</dev/pts/1>, "backlight: 60%\\n", 15) = 15
23063      0.000021 write(1</dev/pts/1>, "vol: \\33[0;33m90%\\33[0m\\n", 20) = 20
23063      0.000021 write(1</dev/pts/1>, "bat: \\33[0;32m84%\\33[0m\\n", 20) = 20
23063      0.000025 write(1</dev/pts/1>, "home: \\33[0;37m37G/157G\\33[0m\\n", 26) = 26
23063      0.000026 write(1</dev/pts/1>, "15:18:23 04/10/2020\\n", 20) = 20
23063      0.000041 read(255</home/quentin/projects/system-summary/system-summary>, "# keep above line blank\\n", 7024) = 24
23063      0.000024 read(255</home/quentin/projects/system-summary/system-summary>, "", 7024) = 0
23063      0.000135 +++ exited with 0 +++`;
